Component: Arm Compiler for Embedded 6.18 Tool: armlink [5e4cc100]

==============================================================================

Section Cross References

    main.o(.text.main) refers to system_stm32f4xx.o(.text.SystemCoreClockUpdate) for SystemCoreClockUpdate
    main.o(.text.main) refers to main.o(.text.SystemClock_Config) for SystemClock_Config
    main.o(.text.main) refers to stm32f4xx_hal.o(.text.HAL_Init) for HAL_Init
    main.o(.text.main) refers to stm32f4xx_hal_gpio.o(.text.HAL_GPIO_Init) for HAL_GPIO_Init
    main.o(.text.main) refers to lcd.o(.text.LCD_Init) for LCD_Init
    main.o(.text.main) refers to main.o(.text.MX_ADC1_Init) for MX_ADC1_Init
    main.o(.text.main) refers to main.o(.rodata.str1.1) for .L.str
    main.o(.text.main) refers to lcd.o(.text.LCD_Puts) for LCD_Puts
    main.o(.text.main) refers to stm32f4xx_hal.o(.text.HAL_Delay) for HAL_Delay
    main.o(.text.main) refers to main.o(.text.display_options) for display_options
    main.o(.text.main) refers to main.o(.text.read_keypad) for read_keypad
    main.o(.text.main) refers to main.o(.text.display_error) for display_error
    main.o(.text.main) refers to lcd.o(.text.LCD_Clear) for LCD_Clear
    main.o(.text.main) refers to main.o(.text.get_pot_value_time) for get_pot_value_time
    main.o(.text.main) refers to sprintf.o(.text) for sprintf
    main.o(.text.main) refers to main.o(.text.get_pot_value_frq) for get_pot_value_frq
    main.o(.ARM.exidx.text.main) refers to main.o(.text.main) for [Anonymous Symbol]
    main.o(.text.SystemClock_Config) refers to stm32f4xx_hal_rcc.o(.text.HAL_RCC_OscConfig) for HAL_RCC_OscConfig
    main.o(.text.SystemClock_Config) refers to stm32f4xx_hal_rcc.o(.text.HAL_RCC_ClockConfig) for HAL_RCC_ClockConfig
    main.o(.text.SystemClock_Config) refers to stm32f4xx_hal_rcc.o(.text.HAL_RCC_GetHCLKFreq) for HAL_RCC_GetHCLKFreq
    main.o(.text.SystemClock_Config) refers to stm32f4xx_hal_cortex.o(.text.HAL_SYSTICK_Config) for HAL_SYSTICK_Config
    main.o(.text.SystemClock_Config) refers to stm32f4xx_hal_cortex.o(.text.HAL_SYSTICK_CLKSourceConfig) for HAL_SYSTICK_CLKSourceConfig
    main.o(.text.SystemClock_Config) refers to stm32f4xx_hal_cortex.o(.text.HAL_NVIC_SetPriority) for HAL_NVIC_SetPriority
    main.o(.ARM.exidx.text.SystemClock_Config) refers to main.o(.text.SystemClock_Config) for [Anonymous Symbol]
    main.o(.text.MX_ADC1_Init) refers to main.o(.bss.hadc) for hadc
    main.o(.text.MX_ADC1_Init) refers to stm32f4xx_hal_adc.o(.text.HAL_ADC_Init) for HAL_ADC_Init
    main.o(.text.MX_ADC1_Init) refers to stm32f4xx_hal_adc.o(.text.HAL_ADC_ConfigChannel) for HAL_ADC_ConfigChannel
    main.o(.ARM.exidx.text.MX_ADC1_Init) refers to main.o(.text.MX_ADC1_Init) for [Anonymous Symbol]
    main.o(.text.display_options) refers to lcd.o(.text.LCD_Clear) for LCD_Clear
    main.o(.text.display_options) refers to main.o(.rodata.str1.1) for .L.str.6
    main.o(.text.display_options) refers to lcd.o(.text.LCD_Puts) for LCD_Puts
    main.o(.ARM.exidx.text.display_options) refers to main.o(.text.display_options) for [Anonymous Symbol]
    main.o(.text.read_keypad) refers to stm32f4xx_hal_gpio.o(.text.HAL_GPIO_WritePin) for HAL_GPIO_WritePin
    main.o(.text.read_keypad) refers to stm32f4xx_hal_gpio.o(.text.HAL_GPIO_ReadPin) for HAL_GPIO_ReadPin
    main.o(.ARM.exidx.text.read_keypad) refers to main.o(.text.read_keypad) for [Anonymous Symbol]
    main.o(.text.display_error) refers to lcd.o(.text.LCD_Clear) for LCD_Clear
    main.o(.text.display_error) refers to main.o(.rodata.str1.1) for .L.str.7
    main.o(.text.display_error) refers to lcd.o(.text.LCD_Puts) for LCD_Puts
    main.o(.text.display_error) refers to stm32f4xx_hal.o(.text.HAL_Delay) for HAL_Delay
    main.o(.text.display_error) refers to main.o(.text.display_options) for display_options
    main.o(.ARM.exidx.text.display_error) refers to main.o(.text.display_error) for [Anonymous Symbol]
    main.o(.text.SysTick_Handler) refers to stm32f4xx_hal.o(.text.HAL_IncTick) for HAL_IncTick
    main.o(.ARM.exidx.text.SysTick_Handler) refers to main.o(.text.SysTick_Handler) for [Anonymous Symbol]
    main.o(.text.get_pot_value_time) refers to main.o(.bss.hadc) for hadc
    main.o(.text.get_pot_value_time) refers to stm32f4xx_hal_adc.o(.text.HAL_ADC_Start) for HAL_ADC_Start
    main.o(.text.get_pot_value_time) refers to stm32f4xx_hal_adc.o(.text.HAL_ADC_PollForConversion) for HAL_ADC_PollForConversion
    main.o(.text.get_pot_value_time) refers to stm32f4xx_hal_adc.o(.text.HAL_ADC_GetValue) for HAL_ADC_GetValue
    main.o(.text.get_pot_value_time) refers to stm32f4xx_hal_adc.o(.text.HAL_ADC_Stop) for HAL_ADC_Stop
    main.o(.ARM.exidx.text.get_pot_value_time) refers to main.o(.text.get_pot_value_time) for [Anonymous Symbol]
    main.o(.text.get_pot_value_frq) refers to main.o(.bss.hadc) for hadc
    main.o(.text.get_pot_value_frq) refers to stm32f4xx_hal_adc.o(.text.HAL_ADC_Start) for HAL_ADC_Start
[...]
    ../fplib/istatus.s                       0x00000000   Number         0  istatus.o ABSOLUTE
    ../fplib/printf1.s                       0x00000000   Number         0  printf1.o ABSOLUTE
    ../fplib/printf2.s                       0x00000000   Number         0  printf2.o ABSOLUTE
    ../fplib/printf2a.s                      0x00000000   Number         0  printf2a.o ABSOLUTE
    ../fplib/printf2b.s                      0x00000000   Number         0  printf2b.o ABSOLUTE
    ../fplib/usenofp.s                       0x00000000   Number         0  usenofp.o ABSOLUTE
    ../mathlib/fpclassify.c                  0x00000000   Number         0  fpclassify.o ABSOLUTE
    LCD.c                                    0x00000000   Number         0  lcd.o ABSOLUTE
    RTE/Device/STM32F401RETx/startup_stm32f401xe.s 0x00000000   Number         0  startup_stm32f401xe.o ABSOLUTE
    dc.s                                     0x00000000   Number         0  dc.o ABSOLUTE
    main.c                                   0x00000000   Number         0  main.o ABSOLUTE
    stm32f4xx_hal.c                          0x00000000   Number         0  stm32f4xx_hal.o ABSOLUTE
    stm32f4xx_hal_adc.c                      0x00000000   Number         0  stm32f4xx_hal_adc.o ABSOLUTE
    stm32f4xx_hal_adc_ex.c                   0x00000000   Number         0  stm32f4xx_hal_adc_ex.o ABSOLUTE
    stm32f4xx_hal_cortex.c                   0x00000000   Number         0  stm32f4xx_hal_cortex.o ABSOLUTE
    stm32f4xx_hal_dma.c                      0x00000000   Number         0  stm32f4xx_hal_dma.o ABSOLUTE
    stm32f4xx_hal_dma_ex.c                   0x00000000   Number         0  stm32f4xx_hal_dma_ex.o ABSOLUTE
    stm32f4xx_hal_gpio.c                     0x00000000   Number         0  stm32f4xx_hal_gpio.o ABSOLUTE
    stm32f4xx_hal_pwr.c                      0x00000000   Number         0  stm32f4xx_hal_pwr.o ABSOLUTE
    stm32f4xx_hal_pwr_ex.c                   0x00000000   Number         0  stm32f4xx_hal_pwr_ex.o ABSOLUTE
    stm32f4xx_hal_rcc.c                      0x00000000   Number         0  stm32f4xx_hal_rcc.o ABSOLUTE
    stm32f4xx_hal_rcc_ex.c                   0x00000000   Number         0  stm32f4xx_hal_rcc_ex.o ABSOLUTE
    stm32f4xx_hal_spi.c                      0x00000000   Number         0  stm32f4xx_hal_spi.o ABSOLUTE
    system_stm32f4xx.c                       0x00000000   Number         0  system_stm32f4xx.o ABSOLUTE
    RESET                                    0x08000000   Section      404  startup_stm32f401xe.o(RESET)
    !!!main                                  0x08000194   Section        8  __main.o(!!!main)
    !!!scatter                               0x0800019c   Section       52  __scatter.o(!!!scatter)
    !!handler_copy                           0x080001d0   Section       26  __scatter_copy.o(!!handler_copy)
    !!handler_zi                             0x080001ec   Section       28  __scatter_zi.o(!!handler_zi)
    .ARM.Collect$$_printf_percent$$00000000  0x08000208   Section        0  _printf_percent.o(.ARM.Collect$$_printf_percent$$00000000)
    .ARM.Collect$$_printf_percent$$00000001  0x08000208   Section        6  _printf_n.o(.ARM.Collect$$_printf_percent$$00000001)
    .ARM.Collect$$_printf_percent$$00000002  0x0800020e   Section        6  _printf_p.o(.ARM.Collect$$_printf_percent$$00000002)
    .ARM.Collect$$_printf_percent$$00000003  0x08000214   Section        6  _printf_f.o(.ARM.Collect$$_printf_percent$$00000003)
    .ARM.Collect$$_printf_percent$$00000004  0x0800021a   Section        6  _printf_e.o(.ARM.Collect$$_printf_percent$$00000004)
    .ARM.Collect$$_printf_percent$$00000005  0x08000220   Section        6  _printf_g.o(.ARM.Collect$$_printf_percent$$00000005)
    .ARM.Collect$$_printf_percent$$00000006  0x08000226   Section        6  _printf_a.o(.ARM.Collect$$_printf_percent$$00000006)
    .ARM.Collect$$_printf_percent$$00000007  0x0800022c   Section       10  _printf_ll.o(.ARM.Collect$$_printf_percent$$00000007)
    .ARM.Collect$$_printf_percent$$00000008  0x08000236   Section        6  _printf_i.o(.ARM.Collect$$_printf_percent$$00000008)
    .ARM.Collect$$_printf_percent$$00000009  0x0800023c   Section        6  _printf_d.o(.ARM.Collect$$_printf_percent$$00000009)
    .ARM.Collect$$_printf_percent$$0000000A  0x08000242   Section        6  _printf_u.o(.ARM.Collect$$_printf_percent$$0000000A)
    .ARM.Collect$$_printf_percent$$0000000B  0x08000248   Section        6  _printf_o.o(.ARM.Collect$$_printf_percent$$0000000B)
    .ARM.Collect$$_printf_percent$$0000000C  0x0800024e   Section        6  _printf_x.o(.ARM.Collect$$_printf_percent$$0000000C)
    .ARM.Collect$$_printf_percent$$0000000D  0x08000254   Section        6  _printf_lli.o(.ARM.Collect$$_printf_percent$$0000000D)
    .ARM.Collect$$_printf_percent$$0000000E  0x0800025a   Section        6  _printf_lld.o(.ARM.Collect$$_printf_percent$$0000000E)
    .ARM.Collect$$_printf_percent$$0000000F  0x08000260   Section        6  _printf_llu.o(.ARM.Collect$$_printf_percent$$0000000F)
    .ARM.Collect$$_printf_percent$$00000010  0x08000266   Section        6  _printf_llo.o(.ARM.Collect$$_printf_percent$$00000010)
    .ARM.Collect$$_printf_percent$$00000011  0x0800026c   Section        6  _printf_llx.o(.ARM.Collect$$_printf_percent$$00000011)
    .ARM.Collect$$_printf_percent$$00000012  0x08000272   Section       10  _printf_l.o(.ARM.Collect$$_printf_percent$$00000012)
    .ARM.Collect$$_printf_percent$$00000013  0x0800027c   Section        6  _printf_c.o(.ARM.Collect$$_printf_percent$$00000013)
    .ARM.Collect$$_printf_percent$$00000014  0x08000282   Section        6  _printf_s.o(.ARM.Collect$$_printf_percent$$00000014)
    .ARM.Collect$$_printf_percent$$00000015  0x08000288   Section        6  _printf_lc.o(.ARM.Collect$$_printf_percent$$00000015)
    .ARM.Collect$$_printf_percent$$00000016  0x0800028e   Section        6  _printf_ls.o(.ARM.Collect$$_printf_percent$$00000016)
    .ARM.Collect$$_printf_percent$$00000017  0x08000294   Section        4  _printf_percent_end.o(.ARM.Collect$$_printf_percent$$00000017)
    .ARM.Collect$$libinit$$00000000          0x08000298   Section        2  libinit.o(.ARM.Collect$$libinit$$00000000)
    .ARM.Collect$$libinit$$00000001          0x0800029a   Section        4  libinit2.o(.ARM.Collect$$libinit$$00000001)
    .ARM.Collect$$libinit$$00000004          0x0800029e   Section        0  libinit2.o(.ARM.Collect$$libinit$$00000004)
    .ARM.Collect$$libinit$$00000006          0x0800029e   Section        0  libinit2.o(.ARM.Collect$$libinit$$00000006)
    .ARM.Collect$$libinit$$0000000C          0x0800029e   Section        0  libinit2.o(.ARM.Collect$$libinit$$0000000C)
    .ARM.Collect$$libinit$$0000000E          0x0800029e   Section        0  libinit2.o(.ARM.Collect$$libinit$$0000000E)
    .ARM.Collect$$libinit$$00000010          0x0800029e   Section        0  libinit2.o(.ARM.Collect$$libinit$$00000010)
    .ARM.Collect$$libinit$$00000011          0x0800029e   Section        6  libinit2.o(.ARM.Collect$$libinit$$00000011)
    .ARM.Collect$$libinit$$00000013          0x080002a4   Section        0  libinit2.o(.ARM.Collect$$libinit$$00000013)
    .ARM.Collect$$libinit$$00000014          0x080002a4   Section       12  libinit2.o(.ARM.Collect$$libinit$$00000014)
    .ARM.Collect$$libinit$$00000015          0x080002b0   Section        0  libinit2.o(.ARM.Collect$$libinit$$00000015)
    .ARM.Collect$$libinit$$00000017          0x080002b0   Section        0  libinit2.o(.ARM.Collect$$libinit$$00000017)
    .ARM.Collect$$libinit$$00000018          0x080002b0   Section       10  libinit2.o(.ARM.Collect$$libinit$$00000018)
    .ARM.Collect$$libinit$$00000019          0x080002ba   Section        0  libinit2.o(.ARM.Collect$$libinit$$00000019)
    .ARM.Collect$$libinit$$0000001B          0x080002ba   Section        0  libinit2.o(.ARM.Collect$$libinit$$0000001B)
    .ARM.Collect$$libinit$$0000001D          0x080002ba   Section        0  libinit2.o(.ARM.Collect$$libinit$$0000001D)
    .ARM.Collect$$libinit$$0000001F          0x080002ba   Section        0  libinit2.o(.ARM.Collect$$libinit$$0000001F)
    .ARM.Collect$$libinit$$00000021          0x080002ba   Section        0  libinit2.o(.ARM.Collect$$libinit$$00000021)
    .ARM.Collect$$libinit$$00000023          0x080002ba   Section        0  libinit2.o(.ARM.Collect$$libinit$$00000023)
    .ARM.Collect$$libinit$$00000025          0x080002ba   Section        0  libinit2.o(.ARM.Collect$$libinit$$00000025)
    .ARM.Collect$$libinit$$00000027          0x080002ba   Section        0  libinit2.o(.ARM.Collect$$libinit$$00000027)
    .ARM.Collect$$libinit$$0000002E          0x080002ba   Section        0  libinit2.o(.ARM.Collect$$libinit$$0000002E)
    .ARM.Collect$$libinit$$00000030          0x080002ba   Section        0  libinit2.o(.ARM.Collect$$libinit$$00000030)
    .ARM.Collect$$libinit$$00000032          0x080002ba   Section        0  libinit2.o(.ARM.Collect$$libinit$$00000032)
    .ARM.Collect$$libinit$$00000034          0x080002ba   Section        0  libinit2.o(.ARM.Collect$$libinit$$00000034)
    .ARM.Collect$$libinit$$00000035          0x080002ba   Section        2  libinit2.o(.ARM.Collect$$libinit$$00000035)
    .ARM.Collect$$libshutdown$$00000000      0x080002bc   Section        2  libshutdown.o(.ARM.Collect$$libshutdown$$00000000)
    .ARM.Collect$$libshutdown$$00000002      0x080002be   Section        0  libshutdown2.o(.ARM.Collect$$libshutdown$$00000002)
    .ARM.Collect$$libshutdown$$00000004      0x080002be   Section        0  libshutdown2.o(.ARM.Collect$$libshutdown$$00000004)
    .ARM.Collect$$libshutdown$$00000007      0x080002be   Section        0  libshutdown2.o(.ARM.Collect$$libshutdown$$00000007)
    .ARM.Collect$$libshutdown$$0000000A      0x080002be   Section        0  libshutdown2.o(.ARM.Collect$$libshutdown$$0000000A)
    .ARM.Collect$$libshutdown$$0000000C      0x080002be   Section        0  libshutdown2.o(.ARM.Collect$$libshutdown$$0000000C)
    .ARM.Collect$$libshutdown$$0000000F      0x080002be   Section        0  libshutdown2.o(.ARM.Collect$$libshutdown$$0000000F)
    .ARM.Collect$$libshutdown$$00000010      0x080002be   Section        2  libshutdown2.o(.ARM.Collect$$libshutdown$$00000010)
    .ARM.Collect$$rtentry$$00000000          0x080002c0   Section        0  __rtentry.o(.ARM.Collect$$rtentry$$00000000)
    .ARM.Collect$$rtentry$$00000002          0x080002c0   Section        0  __rtentry2.o(.ARM.Collect$$rtentry$$00000002)
    .ARM.Collect$$rtentry$$00000004          0x080002c0   Section        6  __rtentry4.o(.ARM.Collect$$rtentry$$00000004)
    .ARM.Collect$$rtentry$$00000009          0x080002c6   Section        0  __rtentry2.o(.ARM.Collect$$rtentry$$00000009)
    .ARM.Collect$$rtentry$$0000000A          0x080002c6   Section        4  __rtentry2.o(.ARM.Collect$$rtentry$$0000000A)
    .ARM.Collect$$rtentry$$0000000C          0x080002ca   Section        0  __rtentry2.o(.ARM.Collect$$rtentry$$0000000C)
    .ARM.Collect$$rtentry$$0000000D          0x080002ca   Section        8  __rtentry2.o(.ARM.Collect$$rtentry$$0000000D)
    .ARM.Collect$$rtexit$$00000000           0x080002d2   Section        2  rtexit.o(.ARM.Collect$$rtexit$$00000000)
    .ARM.Collect$$rtexit$$00000002           0x080002d4   Section        0  rtexit2.o(.ARM.Collect$$rtexit$$00000002)
    .ARM.Collect$$rtexit$$00000003           0x080002d4   Section        4  rtexit2.o(.ARM.Collect$$rtexit$$00000003)
    .ARM.Collect$$rtexit$$00000004           0x080002d8   Section        6  rtexit2.o(.ARM.Collect$$rtexit$$00000004)
    $v0                                      0x080002e0   Number         0  startup_stm32f401xe.o(.text)
    .text                                    0x080002e0   Section       64  startup_stm32f401xe.o(.text)
    .text                                    0x08000320   Section      240  lludivv7m.o(.text)
    .text                                    0x08000410   Section        0  sprintf.o(.text)
    .text                                    0x0800043c   Section        0  heapauxi.o(.text)
    .text                                    0x08000442   Section        0  _printf_pad.o(.text)
    .text                                    0x08000490   Section        0  _printf_truncate.o(.text)
    .text                                    0x080004b4   Section        0  _printf_str.o(.text)
    .text                                    0x08000508   Section        0  _printf_dec.o(.text)
    .text                                    0x08000580   Section        0  _printf_charcount.o(.text)
    _printf_input_char                       0x080005a9   Thumb Code    10  _printf_char_common.o(.text)
    .text                                    0x080005a8   Section        0  _printf_char_common.o(.text)
    .text                                    0x080005d8   Section        0  _sputc.o(.text)
    .text                                    0x080005e4   Section        0  _printf_wctomb.o(.text)
    .text                                    0x080006a0   Section        0  _printf_longlong_dec.o(.text)
    _printf_longlong_oct_internal            0x0800071d   Thumb Code     0  _printf_oct_int_ll.o(.text)
    .text                                    0x0800071c   Section        0  _printf_oct_int_ll.o(.text)
    _printf_hex_common                       0x0800078d   Thumb Code     0  _printf_hex_int_ll_ptr.o(.text)
    .text                                    0x0800078c   Section        0  _printf_hex_int_ll_ptr.o(.text)
    .text                                    0x08000820   Section        0  __printf_flags_ss_wp.o(.text)
    .text                                    0x080009a8   Section      138  lludiv10.o(.text)
    .text                                    0x08000a32   Section        0  _printf_intcommon.o(.text)
    _fp_digits                               0x08000ae5   Thumb Code   432  _printf_fp_dec.o(.text)
    .text                                    0x08000ae4   Section        0  _printf_fp_dec.o(.text)
    .text                                    0x08000f00   Section        0  _printf_fp_hex.o(.text)
    .text                                    0x080011fc   Section        0  _printf_char.o(.text)
    .text                                    0x08001228   Section        0  _printf_wchar.o(.text)
    .text                                    0x08001254   Section        0  _c16rtomb.o(.text)
    .text                                    0x0800129c   Section       74  sys_stackheap_outer.o(.text)
    .text                                    0x080012e8   Section       16  rt_ctype_table.o(.text)
    .text                                    0x080012f8   Section        8  rt_locale_intlibspace.o(.text)
    .text                                    0x08001300   Section        0  _printf_fp_infnan.o(.text)
    .text                                    0x08001380   Section        0  bigflt0.o(.text)
    .text                                    0x08001464   Section        0  exit.o(.text)
    .text                                    0x08001478   Section        8  libspace.o(.text)
    .text                                    0x08001480   Section      124  strcmpv7em.o(.text)
    .text                                    0x080014fc   Section        0  sys_exit.o(.text)
    .text                                    0x08001508   Section        2  use_no_semi.o(.text)
    .text                                    0x0800150a   Section        0  indicate_semi.o(.text)
    ADC_Init                                 0x0800150d   Thumb Code   394  stm32f4xx_hal_adc.o(.text.ADC_Init)
    [Anonymous Symbol]                       0x0800150c   Section        0  stm32f4xx_hal_adc.o(.text.ADC_Init)
    [Anonymous Symbol]                       0x08001698   Section        0  stm32f4xx_hal_adc.o(.text.HAL_ADC_ConfigChannel)
    [Anonymous Symbol]                       0x080018b0   Section        0  stm32f4xx_hal_adc.o(.text.HAL_ADC_GetValue)
    [Anonymous Symbol]                       0x080018c0   Section        0  stm32f4xx_hal_adc.o(.text.HAL_ADC_Init)
    [Anonymous Symbol]                       0x08001968   Section        0  stm32f4xx_hal_adc.o(.text.HAL_ADC_MspInit)
    [Anonymous Symbol]                       0x08001970   Section        0  stm32f4xx_hal_adc.o(.text.HAL_ADC_PollForConversion)
    [Anonymous Symbol]                       0x08001a9c   Section        0  stm32f4xx_hal_adc.o(.text.HAL_ADC_Start)
    [Anonymous Symbol]                       0x08001c10   Section        0  stm32f4xx_hal_adc.o(.text.HAL_ADC_Stop)
    [Anonymous Symbol]                       0x08001c7c   Section        0  stm32f4xx_hal.o(.text.HAL_Delay)
    [Anonymous Symbol]                       0x08001cc0   Section        0  stm32f4xx_hal_gpio.o(.text.HAL_GPIO_Init)
    [Anonymous Symbol]                       0x08002024   Section        0  stm32f4xx_hal_gpio.o(.text.HAL_GPIO_ReadPin)
    [Anonymous Symbol]                       0x08002054   Section        0  stm32f4xx_hal_gpio.o(.text.HAL_GPIO_WritePin)
    [Anonymous Symbol]                       0x08002084   Section        0  stm32f4xx_hal.o(.text.HAL_GetTick)
    [Anonymous Symbol]                       0x08002090   Section        0  stm32f4xx_hal.o(.text.HAL_IncTick)
    [Anonymous Symbol]                       0x080020ac   Section        0  stm32f4xx_hal.o(.text.HAL_Init)
    [Anonymous Symbol]                       0x080020dc   Section        0  stm32f4xx_hal.o(.text.HAL_InitTick)
    [Anonymous Symbol]                       0x0800214c   Section        0  stm32f4xx_hal.o(.text.HAL_MspInit)
    [Anonymous Symbol]                       0x08002150   Section        0  stm32f4xx_hal_cortex.o(.text.HAL_NVIC_SetPriority)
    [Anonymous Symbol]                       0x08002184   Section        0  stm32f4xx_hal_cortex.o(.text.HAL_NVIC_SetPriorityGrouping)
    [Anonymous Symbol]                       0x08002194   Section        0  stm32f4xx_hal_rcc.o(.text.HAL_RCC_ClockConfig)
    [Anonymous Symbol]                       0x080023f8   Section        0  stm32f4xx_hal_rcc.o(.text.HAL_RCC_GetHCLKFreq)
    [Anonymous Symbol]                       0x08002404   Section        0  stm32f4xx_hal_rcc.o(.text.HAL_RCC_GetSysClockFreq)
    [Anonymous Symbol]                       0x080024ec   Section        0  stm32f4xx_hal_rcc.o(.text.HAL_RCC_OscConfig)
    [Anonymous Symbol]                       0x08002bac   Section        0  stm32f4xx_hal_cortex.o(.text.HAL_SYSTICK_CLKSourceConfig)
    [Anonymous Symbol]                       0x08002be0   Section        0  stm32f4xx_hal_cortex.o(.text.HAL_SYSTICK_Config)
    [Anonymous Symbol]                       0x08002bf0   Section        0  lcd.o(.text.LCD_Clear)
    LCD_Cmd                                  0x08002c01   Thumb Code    50  lcd.o(.text.LCD_Cmd)
    [Anonymous Symbol]                       0x08002c00   Section        0  lcd.o(.text.LCD_Cmd)
    LCD_Cmd4bit                              0x08002c35   Thumb Code   136  lcd.o(.text.LCD_Cmd4bit)
    [Anonymous Symbol]                       0x08002c34   Section        0  lcd.o(.text.LCD_Cmd4bit)
    LCD_CursorSet                            0x08002cbd   Thumb Code    88  lcd.o(.text.LCD_CursorSet)
    [Anonymous Symbol]                       0x08002cbc   Section        0  lcd.o(.text.LCD_CursorSet)
    LCD_Data                                 0x08002d15   Thumb Code    50  lcd.o(.text.LCD_Data)
    [Anonymous Symbol]                       0x08002d14   Section        0  lcd.o(.text.LCD_Data)
    [Anonymous Symbol]                       0x08002d48   Section        0  lcd.o(.text.LCD_Delay_ms)
    [Anonymous Symbol]                       0x08002d5c   Section        0  lcd.o(.text.LCD_Delay_us)
    [Anonymous Symbol]                       0x08002dd8   Section        0  lcd.o(.text.LCD_DisplayOn)
    [Anonymous Symbol]                       0x08002df8   Section        0  lcd.o(.text.LCD_Init)
    [Anonymous Symbol]                       0x08002f10   Section        0  lcd.o(.text.LCD_Puts)
    MX_ADC1_Init                             0x08002fc9   Thumb Code   130  main.o(.text.MX_ADC1_Init)
    [Anonymous Symbol]                       0x08002fc8   Section        0  main.o(.text.MX_ADC1_Init)
    NVIC_EncodePriority                      0x0800304d   Thumb Code   108  stm32f4xx_hal_cortex.o(.text.NVIC_EncodePriority)
    [Anonymous Symbol]                       0x0800304c   Section        0  stm32f4xx_hal_cortex.o(.text.NVIC_EncodePriority)
    SysTick_Config                           0x080030b9   Thumb Code    82  stm32f4xx_hal_cortex.o(.text.SysTick_Config)
    [Anonymous Symbol]                       0x080030b8   Section        0  stm32f4xx_hal_cortex.o(.text.SysTick_Config)
    [Anonymous Symbol]                       0x0800310c   Section        0  main.o(.text.SysTick_Handler)
    [Anonymous Symbol]                       0x08003114   Section        0  main.o(.text.SystemClock_Config)
    [Anonymous Symbol]                       0x080031d0   Section        0  system_stm32f4xx.o(.text.SystemCoreClockUpdate)
    [Anonymous Symbol]                       0x08003300   Section        0  system_stm32f4xx.o(.text.SystemInit)
    __NVIC_GetPriorityGrouping               0x08003315   Thumb Code    16  stm32f4xx_hal_cortex.o(.text.__NVIC_GetPriorityGrouping)
    [Anonymous Symbol]                       0x08003314   Section        0  stm32f4xx_hal_cortex.o(.text.__NVIC_GetPriorityGrouping)
    __NVIC_SetPriority                       0x08003325   Thumb Code    66  stm32f4xx_hal_cortex.o(.text.__NVIC_SetPriority)
    [Anonymous Symbol]                       0x08003324   Section        0  stm32f4xx_hal_cortex.o(.text.__NVIC_SetPriority)
    __NVIC_SetPriorityGrouping               0x08003369   Thumb Code    60  stm32f4xx_hal_cortex.o(.text.__NVIC_SetPriorityGrouping)
    [Anonymous Symbol]                       0x08003368   Section        0  stm32f4xx_hal_cortex.o(.text.__NVIC_SetPriorityGrouping)
    [Anonymous Symbol]                       0x080033a4   Section        0  main.o(.text.display_error)
    [Anonymous Symbol]                       0x080033c8   Section        0  main.o(.text.display_options)
    [Anonymous Symbol]                       0x080033e0   Section        0  main.o(.text.get_pot_value_frq)
    [Anonymous Symbol]                       0x08003430   Section        0  main.o(.text.get_pot_value_time)
    [Anonymous Symbol]                       0x08003488   Section        0  main.o(.text.main)
    [Anonymous Symbol]                       0x080036d8   Section        0  main.o(.text.read_keypad)
    CL$$btod_d2e                             0x0800387a   Section       62  btod.o(CL$$btod_d2e)
    CL$$btod_d2e_denorm_low                  0x080038b8   Section       70  btod.o(CL$$btod_d2e_denorm_low)
    CL$$btod_d2e_norm_op1                    0x080038fe   Section       96  btod.o(CL$$btod_d2e_norm_op1)
    CL$$btod_div_common                      0x08003960   Section      824  btod.o(CL$$btod_div_common)
    CL$$btod_e2e                             0x08003c98   Section      220  btod.o(CL$$btod_e2e)
    CL$$btod_ediv                            0x08003d74   Section       42  btod.o(CL$$btod_ediv)
    CL$$btod_emul                            0x08003d9e   Section       42  btod.o(CL$$btod_emul)
    CL$$btod_mult_common                     0x08003dc8   Section      580  btod.o(CL$$btod_mult_common)
    i.__ARM_fpclassify                       0x0800400c   Section        0  fpclassify.o(i.__ARM_fpclassify)
    i._is_digit                              0x0800403c   Section        0  __printf_wp.o(i._is_digit)
    locale$$code                             0x0800404c   Section       44  lc_numeric_c.o(locale$$code)
    locale$$code                             0x08004078   Section       44  lc_ctype_c.o(locale$$code)
    $v0                                      0x080040a4   Number         0  fpinit.o(x$fpl$fpinit)
    x$fpl$fpinit                             0x080040a4   Section       26  fpinit.o(x$fpl$fpinit)
    $v0                                      0x080040be   Number         0  printf1.o(x$fpl$printf1)
    x$fpl$printf1                            0x080040be   Section        4  printf1.o(x$fpl$printf1)
    $v0                                      0x080040c2   Number         0  printf2.o(x$fpl$printf2)
    x$fpl$printf2                            0x080040c2   Section        4  printf2.o(x$fpl$printf2)
    x$fpl$usenofp                            0x080040c6   Section        0  usenofp.o(x$fpl$usenofp)
    initial_mbstate                          0x080040c8   Data           8  _printf_wctomb.o(.constdata)
    .constdata                               0x080040c8   Section        8  _printf_wctomb.o(.constdata)
    uc_hextab                                0x080040d0   Data          20  _printf_hex_int_ll_ptr.o(.constdata)
    .constdata                               0x080040d0   Section       40  _printf_hex_int_ll_ptr.o(.constdata)
    lc_hextab                                0x080040e4   Data          20  _printf_hex_int_ll_ptr.o(.constdata)
    maptable                                 0x080040f8   Data          17  __printf_flags_ss_wp.o(.constdata)
    .constdata                               0x080040f8   Section       17  __printf_flags_ss_wp.o(.constdata)
    lc_hextab                                0x08004109   Data          19  _printf_fp_hex.o(.constdata)
    .constdata                               0x08004109   Section       38  _printf_fp_hex.o(.constdata)
    uc_hextab                                0x0800411c   Data          19  _printf_fp_hex.o(.constdata)
    tenpwrs_x                                0x08004130   Data          60  bigflt0.o(.constdata)
    .constdata                               0x08004130   Section      148  bigflt0.o(.constdata)
    tenpwrs_i                                0x0800416c   Data          64  bigflt0.o(.constdata)
    .L.str.4                                 0x080041d4   Data          64  main.o(.rodata.str1.1)
    [Anonymous Symbol]                       0x080041d4   Section        0  main.o(.rodata.str1.1)
    .L.str.1                                 0x08004214   Data          54  main.o(.rodata.str1.1)
    .L.str                                   0x0800424a   Data          19  main.o(.rodata.str1.1)
    .L.str.5                                 0x0800425d   Data          11  main.o(.rodata.str1.1)
    .L.str.3                                 0x08004268   Data           6  main.o(.rodata.str1.1)
    .L.str.7                                 0x0800426e   Data           6  main.o(.rodata.str1.1)
    .L.str.2                                 0x08004274   Data           3  main.o(.rodata.str1.1)
    .L.str.6                                 0x08004277   Data          53  main.o(.rodata.str1.1)
    locale$$data                             0x080042cc   Section       28  lc_numeric_c.o(locale$$data)
    __lcnum_c_name                           0x080042d0   Data           2  lc_numeric_c.o(locale$$data)
    __lcnum_c_start                          0x080042d8   Data           0  lc_numeric_c.o(locale$$data)
    __lcnum_c_point                          0x080042e4   Data           0  lc_numeric_c.o(locale$$data)
    __lcnum_c_thousands                      0x080042e6   Data           0  lc_numeric_c.o(locale$$data)
    __lcnum_c_grouping                       0x080042e7   Data           0  lc_numeric_c.o(locale$$data)
    __lcnum_c_end                            0x080042e8   Data           0  lc_numeric_c.o(locale$$data)
    locale$$data                             0x080042e8   Section      272  lc_ctype_c.o(locale$$data)
    __lcctype_c_name                         0x080042ec   Data           2  lc_ctype_c.o(locale$$data)
    __lcctype_c_start                        0x080042f4   Data           0  lc_ctype_c.o(locale$$data)
    __lcctype_c_end                          0x080043f8   Data           0  lc_ctype_c.o(locale$$data)
    .bss                                     0x20000010   Section       96  libspace.o(.bss)
    LCD_Opts                                 0x20000070   Data           5  lcd.o(.bss.LCD_Opts)
    [Anonymous Symbol]                       0x20000070   Section        0  lcd.o(.bss.LCD_Opts)
    Heap_Mem                                 0x200000c8   Data         512  startup_stm32f401xe.o(HEAP)
    HEAP                                     0x200000c8   Section      512  startup_stm32f401xe.o(HEAP)
    Stack_Mem                                0x200002c8   Data        1024  startup_stm32f401xe.o(STACK)
    STACK                                    0x200002c8   Section     1024  startup_stm32f401xe.o(STACK)
    __initial_sp                             0x200006c8   Data           0  startup_stm32f401xe.o(STACK)

    Global Symbols

    Symbol Name                              Value     Ov Type        Size  Object(Section)

    BuildAttributes$$THM_ISAv4$E$P$D$K$B$S$7EM$VFPi3$EXTD16$VFPS$VFMA$PE$A:L22UL41UL21$X:L11$S22US41US21$IEEE1$IW$~IW$USESV6$~STKCKD$USESV7$~SHL$OTIME$ROPI$IEEEJ$EBA8$UX$STANDARDLIB$REQ8$PRES8$EABIv2 0x00000000   Number         0  anon$$obj.o ABSOLUTE
    _printf_flags                            0x00000000   Number         0  printf_stubs.o ABSOLUTE
    _printf_return_value                     0x00000000   Number         0  printf_stubs.o ABSOLUTE
    _printf_sizespec                         0x00000000   Number         0  printf_stubs.o ABSOLUTE
    _printf_widthprec                        0x00000000   Number         0  printf_stubs.o ABSOLUTE
    __ARM_exceptions_init                     - Undefined Weak Reference
    __alloca_initialize                       - Undefined Weak Reference
    __arm_preinit_                            - Undefined Weak Reference
    __arm_relocate_pie_                       - Undefined Weak Reference
    __cpp_initialize__aeabi_                  - Undefined Weak Reference
    __cxa_finalize                            - Undefined Weak Reference
    __sigvec_lookup                           - Undefined Weak Reference
    _atexit_init                              - Undefined Weak Reference
    _call_atexit_fns                          - Undefined Weak Reference
    _clock_init                               - Undefined Weak Reference
    _fp_trap_init                             - Undefined Weak Reference
    _fp_trap_shutdown                         - Undefined Weak Reference
    _get_lc_collate                           - Undefined Weak Reference
    _get_lc_monetary                          - Undefined Weak Reference
    _get_lc_time                              - Undefined Weak Reference
    _getenv_init                              - Undefined Weak Reference
    _handle_redirection                       - Undefined Weak Reference
    _init_alloc                               - Undefined Weak Reference
    _init_user_alloc                          - Undefined Weak Reference
    _initio                                   - Undefined Weak Reference
    _printf_mbtowc                            - Undefined Weak Reference
    _printf_wc                                - Undefined Weak Reference
    _rand_init                                - Undefined Weak Reference
    _signal_finish                            - Undefined Weak Reference
    _signal_init                              - Undefined Weak Reference
    _terminate_alloc                          - Undefined Weak Reference
    _terminate_user_alloc                     - Undefined Weak Reference
    _terminateio                              - Undefined Weak Reference
    __Vectors_Size                           0x00000194   Number         0  startup_stm32f401xe.o ABSOLUTE
    __Vectors                                0x08000000   Data           4  startup_stm32f401xe.o(RESET)
    __Vectors_End                            0x08000194   Data           0  startup_stm32f401xe.o(RESET)
    __main                                   0x08000195   Thumb Code     8  __main.o(!!!main)
    __scatterload                            0x0800019d   Thumb Code     0  __scatter.o(!!!scatter)
    __scatterload_rt2                        0x0800019d   Thumb Code    44  __scatter.o(!!!scatter)
    __scatterload_rt2_thumb_only             0x0800019d   Thumb Code     0  __scatter.o(!!!scatter)
    __scatterload_null                       0x080001ab   Thumb Code     0  __scatter.o(!!!scatter)
    __scatterload_copy                       0x080001d1   Thumb Code    26  __scatter_copy.o(!!handler_copy)
    __scatterload_zeroinit                   0x080001ed   Thumb Code    28  __scatter_zi.o(!!handler_zi)
    _printf_n                                0x08000209   Thumb Code     0  _printf_n.o(.ARM.Collect$$_printf_percent$$00000001)
    _printf_percent                          0x08000209   Thumb Code     0  _printf_percent.o(.ARM.Collect$$_printf_percent$$00000000)
    _printf_p                                0x0800020f   Thumb Code     0  _printf_p.o(.ARM.Collect$$_printf_percent$$00000002)
    _printf_f                                0x08000215   Thumb Code     0  _printf_f.o(.ARM.Collect$$_printf_percent$$00000003)
    _printf_e                                0x0800021b   Thumb Code     0  _printf_e.o(.ARM.Collect$$_printf_percent$$00000004)
    _printf_g                                0x08000221   Thumb Code     0  _printf_g.o(.ARM.Collect$$_printf_percent$$00000005)
    _printf_a                                0x08000227   Thumb Code     0  _printf_a.o(.ARM.Collect$$_printf_percent$$00000006)
    _printf_ll                               0x0800022d   Thumb Code     0  _printf_ll.o(.ARM.Collect$$_printf_percent$$00000007)
    _printf_i                                0x08000237   Thumb Code     0  _printf_i.o(.ARM.Collect$$_printf_percent$$00000008)
    _printf_d                                0x0800023d   Thumb Code     0  _printf_d.o(.ARM.Collect$$_printf_percent$$00000009)
    _printf_u                                0x08000243   Thumb Code     0  _printf_u.o(.ARM.Collect$$_printf_percent$$0000000A)
    _printf_o                                0x08000249   Thumb Code     0  _printf_o.o(.ARM.Collect$$_printf_percent$$0000000B)
    _printf_x                                0x0800024f   Thumb Code     0  _printf_x.o(.ARM.Collect$$_printf_percent$$0000000C)
    _printf_lli                              0x08000255   Thumb Code     0  _printf_lli.o(.ARM.Collect$$_printf_percent$$0000000D)
    _printf_lld                              0x0800025b   Thumb Code     0  _printf_lld.o(.ARM.Collect$$_printf_percent$$0000000E)
    _printf_llu                              0x08000261   Thumb Code     0  _printf_llu.o(.ARM.Collect$$_printf_percent$$0000000F)
    _printf_llo                              0x08000267   Thumb Code     0  _printf_llo.o(.ARM.Collect$$_printf_percent$$00000010)
    _printf_llx                              0x0800026d   Thumb Code     0  _printf_llx.o(.ARM.Collect$$_printf_percent$$00000011)
    _printf_l                                0x08000273   Thumb Code     0  _printf_l.o(.ARM.Collect$$_printf_percent$$00000012)
    _printf_c                                0x0800027d   Thumb Code     0  _printf_c.o(.ARM.Collect$$_printf_percent$$00000013)
    _printf_s                                0x08000283   Thumb Code     0  _printf_s.o(.ARM.Collect$$_printf_percent$$00000014)
    _printf_lc                               0x08000289   Thumb Code     0  _printf_lc.o(.ARM.Collect$$_printf_percent$$00000015)
    _printf_ls                               0x0800028f   Thumb Code     0  _printf_ls.o(.ARM.Collect$$_printf_percent$$00000016)
    _printf_percent_end                      0x08000295   Thumb Code     0  _printf_percent_end.o(.ARM.Collect$$_printf_percent$$00000017)
    __rt_lib_init                            0x08000299   Thumb Code     0  libinit.o(.ARM.Collect$$libinit$$00000000)
    __rt_lib_init_fp_1                       0x0800029b   Thumb Code     0  libinit2.o(.ARM.Collect$$libinit$$00000001)
    __rt_lib_init_heap_1                     0x0800029f   Thumb Code     0  libinit2.o(.ARM.Collect$$libinit$$0000000C)
    __rt_lib_init_lc_common                  0x0800029f   Thumb Code     0  libinit2.o(.ARM.Collect$$libinit$$00000011)
    __rt_lib_init_preinit_1                  0x0800029f   Thumb Code     0  libinit2.o(.ARM.Collect$$libinit$$00000006)
    __rt_lib_init_rand_1                     0x0800029f   Thumb Code     0  libinit2.o(.ARM.Collect$$libinit$$00000010)
    __rt_lib_init_relocate_pie_1             0x0800029f   Thumb Code     0  libinit2.o(.ARM.Collect$$libinit$$00000004)
    __rt_lib_init_user_alloc_1               0x0800029f   Thumb Code     0  libinit2.o(.ARM.Collect$$libinit$$0000000E)
    __rt_lib_init_lc_collate_1               0x080002a5   Thumb Code     0  libinit2.o(.ARM.Collect$$libinit$$00000013)
    __rt_lib_init_lc_ctype_2                 0x080002a5   Thumb Code     0  libinit2.o(.ARM.Collect$$libinit$$00000014)
    __rt_lib_init_lc_ctype_1                 0x080002b1   Thumb Code     0  libinit2.o(.ARM.Collect$$libinit$$00000015)
    __rt_lib_init_lc_monetary_1              0x080002b1   Thumb Code     0  libinit2.o(.ARM.Collect$$libinit$$00000017)
    __rt_lib_init_lc_numeric_2               0x080002b1   Thumb Code     0  libinit2.o(.ARM.Collect$$libinit$$00000018)
    __rt_lib_init_alloca_1                   0x080002bb   Thumb Code     0  libinit2.o(.ARM.Collect$$libinit$$00000030)
    __rt_lib_init_argv_1                     0x080002bb   Thumb Code     0  libinit2.o(.ARM.Collect$$libinit$$0000002E)
    __rt_lib_init_atexit_1                   0x080002bb   Thumb Code     0  libinit2.o(.ARM.Collect$$libinit$$0000001D)
    __rt_lib_init_clock_1                    0x080002bb   Thumb Code     0  libinit2.o(.ARM.Collect$$libinit$$00000023)
    __rt_lib_init_cpp_1                      0x080002bb   Thumb Code     0  libinit2.o(.ARM.Collect$$libinit$$00000034)
    __rt_lib_init_exceptions_1               0x080002bb   Thumb Code     0  libinit2.o(.ARM.Collect$$libinit$$00000032)
    __rt_lib_init_fp_trap_1                  0x080002bb   Thumb Code     0  libinit2.o(.ARM.Collect$$libinit$$00000021)
    __rt_lib_init_getenv_1                   0x080002bb   Thumb Code     0  libinit2.o(.ARM.Collect$$libinit$$00000025)
    __rt_lib_init_lc_numeric_1               0x080002bb   Thumb Code     0  libinit2.o(.ARM.Collect$$libinit$$00000019)
    __rt_lib_init_lc_time_1                  0x080002bb   Thumb Code     0  libinit2.o(.ARM.Collect$$libinit$$0000001B)
    __rt_lib_init_return                     0x080002bb   Thumb Code     0  libinit2.o(.ARM.Collect$$libinit$$00000035)
    __rt_lib_init_signal_1                   0x080002bb   Thumb Code     0  libinit2.o(.ARM.Collect$$libinit$$0000001F)
    __rt_lib_init_stdio_1                    0x080002bb   Thumb Code     0  libinit2.o(.ARM.Collect$$libinit$$00000027)
    __rt_lib_shutdown                        0x080002bd   Thumb Code     0  libshutdown.o(.ARM.Collect$$libshutdown$$00000000)
    __rt_lib_shutdown_cpp_1                  0x080002bf   Thumb Code     0  libshutdown2.o(.ARM.Collect$$libshutdown$$00000002)
    __rt_lib_shutdown_fp_trap_1              0x080002bf   Thumb Code     0  libshutdown2.o(.ARM.Collect$$libshutdown$$00000007)
    __rt_lib_shutdown_heap_1                 0x080002bf   Thumb Code     0  libshutdown2.o(.ARM.Collect$$libshutdown$$0000000F)
    __rt_lib_shutdown_return                 0x080002bf   Thumb Code     0  libshutdown2.o(.ARM.Collect$$libshutdown$$00000010)
    __rt_lib_shutdown_signal_1               0x080002bf   Thumb Code     0  libshutdown2.o(.ARM.Collect$$libshutdown$$0000000A)
    __rt_lib_shutdown_stdio_1                0x080002bf   Thumb Code     0  libshutdown2.o(.ARM.Collect$$libshutdown$$00000004)
    __rt_lib_shutdown_user_alloc_1           0x080002bf   Thumb Code     0  libshutdown2.o(.ARM.Collect$$libshutdown$$0000000C)
    __rt_entry                               0x080002c1   Thumb Code     0  __rtentry.o(.ARM.Collect$$rtentry$$00000000)
    __rt_entry_presh_1                       0x080002c1   Thumb Code     0  __rtentry2.o(.ARM.Collect$$rtentry$$00000002)
    __rt_entry_sh                            0x080002c1   Thumb Code     0  __rtentry4.o(.ARM.Collect$$rtentry$$00000004)
    __rt_entry_li                            0x080002c7   Thumb Code     0  __rtentry2.o(.ARM.Collect$$rtentry$$0000000A)
    __rt_entry_postsh_1                      0x080002c7   Thumb Code     0  __rtentry2.o(.ARM.Collect$$rtentry$$00000009)
    __rt_entry_main                          0x080002cb   Thumb Code     0  __rtentry2.o(.ARM.Collect$$rtentry$$0000000D)
    __rt_entry_postli_1                      0x080002cb   Thumb Code     0  __rtentry2.o(.ARM.Collect$$rtentry$$0000000C)
    __rt_exit                                0x080002d3   Thumb Code     0  rtexit.o(.ARM.Collect$$rtexit$$00000000)
    __rt_exit_ls                             0x080002d5   Thumb Code     0  rtexit2.o(.ARM.Collect$$rtexit$$00000003)
    __rt_exit_prels_1                        0x080002d5   Thumb Code     0  rtexit2.o(.ARM.Collect$$rtexit$$00000002)
    __rt_exit_exit                           0x080002d9   Thumb Code     0  rtexit2.o(.ARM.Collect$$rtexit$$00000004)
    Reset_Handler                            0x080002e1   Thumb Code     8  startup_stm32f401xe.o(.text)
    NMI_Handler                              0x080002e9   Thumb Code     2  startup_stm32f401xe.o(.text)
    HardFault_Handler                        0x080002eb   Thumb Code     2  startup_stm32f401xe.o(.text)
    MemManage_Handler                        0x080002ed   Thumb Code     2  startup_stm32f401xe.o(.text)
    BusFault_Handler                         0x080002ef   Thumb Code     2  startup_stm32f401xe.o(.text)
    UsageFault_Handler                       0x080002f1   Thumb Code     2  startup_stm32f401xe.o(.text)
    SVC_Handler                              0x080002f3   Thumb Code     2  startup_stm32f401xe.o(.text)
    DebugMon_Handler                         0x080002f5   Thumb Code     2  startup_stm32f401xe.o(.text)
    PendSV_Handler                           0x080002f7   Thumb Code     2  startup_stm32f401xe.o(.text)
    ADC_IRQHandler                           0x080002fb   Thumb Code     0  startup_stm32f401xe.o(.text)
    DMA1_Stream0_IRQHandler                  0x080002fb   Thumb Code     0  startup_stm32f401xe.o(.text)
    DMA1_Stream1_IRQHandler                  0x080002fb   Thumb Code     0  startup_stm32f401xe.o(.text)
    DMA1_Stream2_IRQHandler                  0x080002fb   Thumb Code     0  startup_stm32f401xe.o(.text)
    DMA1_Stream3_IRQHandler                  0x080002fb   Thumb Code     0  startup_stm32f401xe.o(.text)
    DMA1_Stream4_IRQHandler                  0x080002fb   Thumb Code     0  startup_stm32f401xe.o(.text)
    DMA1_Stream5_IRQHandler                  0x080002fb   Thumb Code     0  startup_stm32f401xe.o(.text)
    DMA1_Stream6_IRQHandler                  0x080002fb   Thumb Code     0  startup_stm32f401xe.o(.text)
    DMA1_Stream7_IRQHandler                  0x080002fb   Thumb Code     0  startup_stm32f401xe.o(.text)
    DMA2_Stream0_IRQHandler                  0x080002fb   Thumb Code     0  startup_stm32f401xe.o(.text)
    DMA2_Stream1_IRQHandler                  0x080002fb   Thumb Code     0  startup_stm32f401xe.o(.text)
    DMA2_Stream2_IRQHandler                  0x080002fb   Thumb Code     0  startup_stm32f401xe.o(.text)
    DMA2_Stream3_IRQHandler                  0x080002fb   Thumb Code     0  startup_stm32f401xe.o(.text)
    DMA2_Stream4_IRQHandler                  0x080002fb   Thumb Code     0  startup_stm32f401xe.o(.text)
    DMA2_Stream5_IRQHandler                  0x080002fb   Thumb Code     0  startup_stm32f401xe.o(.text)
    DMA2_Stream6_IRQHandler                  0x080002fb   Thumb Code     0  startup_stm32f401xe.o(.text)
    DMA2_Stream7_IRQHandler                  0x080002fb   Thumb Code     0  startup_stm32f401xe.o(.text)
    EXTI0_IRQHandler                         0x080002fb   Thumb Code     0  startup_stm32f401xe.o(.text)
    EXTI15_10_IRQHandler                     0x080002fb   Thumb Code     0  startup_stm32f401xe.o(.text)
    EXTI1_IRQHandler                         0x080002fb   Thumb Code     0  startup_stm32f401xe.o(.text)
    EXTI2_IRQHandler                         0x080002fb   Thumb Code     0  startup_stm32f401xe.o(.text)
    EXTI3_IRQHandler                         0x080002fb   Thumb Code     0  startup_stm32f401xe.o(.text)
    EXTI4_IRQHandler                         0x080002fb   Thumb Code     0  startup_stm32f401xe.o(.text)
    EXTI9_5_IRQHandler                       0x080002fb   Thumb Code     0  startup_stm32f401xe.o(.text)
    FLASH_IRQHandler                         0x080002fb   Thumb Code     0  startup_stm32f401xe.o(.text)
    FPU_IRQHandler                           0x080002fb   Thumb Code     0  startup_stm32f401xe.o(.text)
    I2C1_ER_IRQHandler                       0x080002fb   Thumb Code     0  startup_stm32f401xe.o(.text)
    I2C1_EV_IRQHandler                       0x080002fb   Thumb Code     0  startup_stm32f401xe.o(.text)
    I2C2_ER_IRQHandler                       0x080002fb   Thumb Code     0  startup_stm32f401xe.o(.text)
    I2C2_EV_IRQHandler                       0x080002fb   Thumb Code     0  startup_stm32f401xe.o(.text)
    I2C3_ER_IRQHandler                       0x080002fb   Thumb Code     0  startup_stm32f401xe.o(.text)
    I2C3_EV_IRQHandler                       0x080002fb   Thumb Code     0  startup_stm32f401xe.o(.text)
    OTG_FS_IRQHandler                        0x080002fb   Thumb Code     0  startup_stm32f401xe.o(.text)
    OTG_FS_WKUP_IRQHandler                   0x080002fb   Thumb Code     0  startup_stm32f401xe.o(.text)
    PVD_IRQHandler                           0x080002fb   Thumb Code     0  startup_stm32f401xe.o(.text)
    RCC_IRQHandler                           0x080002fb   Thumb Code     0  startup_stm32f401xe.o(.text)
    RTC_Alarm_IRQHandler                     0x080002fb   Thumb Code     0  startup_stm32f401xe.o(.text)
    RTC_WKUP_IRQHandler                      0x080002fb   Thumb Code     0  startup_stm32f401xe.o(.text)
    SDIO_IRQHandler                          0x080002fb   Thumb Code     0  startup_stm32f401xe.o(.text)
    SPI1_IRQHandler                          0x080002fb   Thumb Code     0  startup_stm32f401xe.o(.text)
    SPI2_IRQHandler                          0x080002fb   Thumb Code     0  startup_stm32f401xe.o(.text)
    SPI3_IRQHandler                          0x080002fb   Thumb Code     0  startup_stm32f401xe.o(.text)
    SPI4_IRQHandler                          0x080002fb   Thumb Code     0  startup_stm32f401xe.o(.text)
    TAMP_STAMP_IRQHandler                    0x080002fb   Thumb Code     0  startup_stm32f401xe.o(.text)
    TIM1_BRK_TIM9_IRQHandler                 0x080002fb   Thumb Code     0  startup_stm32f401xe.o(.text)
    TIM1_CC_IRQHandler                       0x080002fb   Thumb Code     0  startup_stm32f401xe.o(.text)
    TIM1_TRG_COM_TIM11_IRQHandler            0x080002fb   Thumb Code     0  startup_stm32f401xe.o(.text)
    TIM1_UP_TIM10_IRQHandler                 0x080002fb   Thumb Code     0  startup_stm32f401xe.o(.text)
    TIM2_IRQHandler                          0x080002fb   Thumb Code     0  startup_stm32f401xe.o(.text)
    TIM3_IRQHandler                          0x080002fb   Thumb Code     0  startup_stm32f401xe.o(.text)
    TIM4_IRQHandler                          0x080002fb   Thumb Code     0  startup_stm32f401xe.o(.text)
    TIM5_IRQHandler                          0x080002fb   Thumb Code     0  startup_stm32f401xe.o(.text)
    USART1_IRQHandler                        0x080002fb   Thumb Code     0  startup_stm32f401xe.o(.text)
    USART2_IRQHandler                        0x080002fb   Thumb Code     0  startup_stm32f401xe.o(.text)
    USART6_IRQHandler                        0x080002fb   Thumb Code     0  startup_stm32f401xe.o(.text)
    WWDG_IRQHandler                          0x080002fb   Thumb Code     0  startup_stm32f401xe.o(.text)
    __user_initial_stackheap                 0x080002fd   Thumb Code     0  startup_stm32f401xe.o(.text)
    __aeabi_uldivmod                         0x08000321   Thumb Code     0  lludivv7m.o(.text)
    _ll_udiv                                 0x08000321   Thumb Code   240  lludivv7m.o(.text)
    sprintf                                  0x08000411   Thumb Code    38  sprintf.o(.text)
    __use_two_region_memory                  0x0800043d   Thumb Code     2  heapauxi.o(.text)
    __rt_heap_escrow$2region                 0x0800043f   Thumb Code     2  heapauxi.o(.text)
    __rt_heap_expand$2region                 0x08000441   Thumb Code     2  heapauxi.o(.text)
    _printf_pre_padding                      0x08000443   Thumb Code    44  _printf_pad.o(.text)
    _printf_post_padding                     0x0800046f   Thumb Code    34  _printf_pad.o(.text)
    _printf_truncate_signed                  0x08000491   Thumb Code    18  _printf_truncate.o(.text)
    _printf_truncate_unsigned                0x080004a3   Thumb Code    18  _printf_truncate.o(.text)
    _printf_str                              0x080004b5   Thumb Code    82  _printf_str.o(.text)
    _printf_int_dec                          0x08000509   Thumb Code   104  _printf_dec.o(.text)
    _printf_charcount                        0x08000581   Thumb Code    40  _printf_charcount.o(.text)
    _printf_char_common                      0x080005b3   Thumb Code    32  _printf_char_common.o(.text)
    _sputc                                   0x080005d9   Thumb Code    10  _sputc.o(.text)
    _printf_wctomb                           0x080005e5   Thumb Code   182  _printf_wctomb.o(.text)
    _printf_longlong_dec                     0x080006a1   Thumb Code   108  _printf_longlong_dec.o(.text)
    _printf_longlong_oct                     0x0800071d   Thumb Code    68  _printf_oct_int_ll.o(.text)
    _printf_int_oct                          0x08000761   Thumb Code    24  _printf_oct_int_ll.o(.text)
    _printf_ll_oct                           0x08000779   Thumb Code    12  _printf_oct_int_ll.o(.text)
    _printf_longlong_hex                     0x0800078d   Thumb Code    86  _printf_hex_int_ll_ptr.o(.text)
    _printf_int_hex                          0x080007e3   Thumb Code    28  _printf_hex_int_ll_ptr.o(.text)
    _printf_ll_hex                           0x080007ff   Thumb Code    12  _printf_hex_int_ll_ptr.o(.text)
    _printf_hex_ptr                          0x0800080b   Thumb Code    18  _printf_hex_int_ll_ptr.o(.text)
    __printf                                 0x08000821   Thumb Code   388  __printf_flags_ss_wp.o(.text)
    _ll_udiv10                               0x080009a9   Thumb Code   138  lludiv10.o(.text)
    _printf_int_common                       0x08000a33   Thumb Code   178  _printf_intcommon.o(.text)
    _printf_fp_dec_real                      0x08000c95   Thumb Code   620  _printf_fp_dec.o(.text)
    _printf_fp_hex_real                      0x08000f01   Thumb Code   756  _printf_fp_hex.o(.text)
    _printf_cs_common                        0x080011fd   Thumb Code    20  _printf_char.o(.text)
    _printf_char                             0x08001211   Thumb Code    16  _printf_char.o(.text)
    _printf_string                           0x08001221   Thumb Code     8  _printf_char.o(.text)
    _printf_lcs_common                       0x08001229   Thumb Code    20  _printf_wchar.o(.text)
    _printf_wchar                            0x0800123d   Thumb Code    16  _printf_wchar.o(.text)
    _printf_wstring                          0x0800124d   Thumb Code     8  _printf_wchar.o(.text)
    _c16rtomb                                0x08001255   Thumb Code    72  _c16rtomb.o(.text)
    _wcrtomb                                 0x08001255   Thumb Code     0  _c16rtomb.o(.text)
    __user_setup_stackheap                   0x0800129d   Thumb Code    74  sys_stackheap_outer.o(.text)
    __rt_ctype_table                         0x080012e9   Thumb Code    16  rt_ctype_table.o(.text)
    __rt_locale                              0x080012f9   Thumb Code     8  rt_locale_intlibspace.o(.text)
    _printf_fp_infnan                        0x08001301   Thumb Code   112  _printf_fp_infnan.o(.text)
    _btod_etento                             0x08001381   Thumb Code   224  bigflt0.o(.text)
    exit                                     0x08001465   Thumb Code    18  exit.o(.text)
    __user_libspace                          0x08001479   Thumb Code     8  libspace.o(.text)
    __user_perproc_libspace                  0x08001479   Thumb Code     0  libspace.o(.text)
    __user_perthread_libspace                0x08001479   Thumb Code     0  libspace.o(.text)
    strcmp                                   0x08001481   Thumb Code   124  strcmpv7em.o(.text)
    _sys_exit                                0x080014fd   Thumb Code     8  sys_exit.o(.text)
    __I$use$semihosting                      0x08001509   Thumb Code     0  use_no_semi.o(.text)
    __use_no_semihosting_swi                 0x08001509   Thumb Code     2  use_no_semi.o(.text)
    __semihosting_library_function           0x0800150b   Thumb Code     0  indicate_semi.o(.text)
    HAL_ADC_ConfigChannel                    0x08001699   Thumb Code   536  stm32f4xx_hal_adc.o(.text.HAL_ADC_ConfigChannel)
    HAL_ADC_GetValue                         0x080018b1   Thumb Code    14  stm32f4xx_hal_adc.o(.text.HAL_ADC_GetValue)
    HAL_ADC_Init                             0x080018c1   Thumb Code   168  stm32f4xx_hal_adc.o(.text.HAL_ADC_Init)
    HAL_ADC_MspInit                          0x08001969   Thumb Code     8  stm32f4xx_hal_adc.o(.text.HAL_ADC_MspInit)
    HAL_ADC_PollForConversion                0x08001971   Thumb Code   298  stm32f4xx_hal_adc.o(.text.HAL_ADC_PollForConversion)
    HAL_ADC_Start                            0x08001a9d   Thumb Code   370  stm32f4xx_hal_adc.o(.text.HAL_ADC_Start)
    HAL_ADC_Stop                             0x08001c11   Thumb Code   108  stm32f4xx_hal_adc.o(.text.HAL_ADC_Stop)
    HAL_Delay                                0x08001c7d   Thumb Code    66  stm32f4xx_hal.o(.text.HAL_Delay)
    HAL_GPIO_Init                            0x08001cc1   Thumb Code   866  stm32f4xx_hal_gpio.o(.text.HAL_GPIO_Init)
    HAL_GPIO_ReadPin                         0x08002025   Thumb Code    46  stm32f4xx_hal_gpio.o(.text.HAL_GPIO_ReadPin)
    HAL_GPIO_WritePin                        0x08002055   Thumb Code    46  stm32f4xx_hal_gpio.o(.text.HAL_GPIO_WritePin)
    HAL_GetTick                              0x08002085   Thumb Code    12  stm32f4xx_hal.o(.text.HAL_GetTick)
    HAL_IncTick                              0x08002091   Thumb Code    26  stm32f4xx_hal.o(.text.HAL_IncTick)
    HAL_Init                                 0x080020ad   Thumb Code    46  stm32f4xx_hal.o(.text.HAL_Init)
    HAL_InitTick                             0x080020dd   Thumb Code   112  stm32f4xx_hal.o(.text.HAL_InitTick)
    HAL_MspInit                              0x0800214d   Thumb Code     2  stm32f4xx_hal.o(.text.HAL_MspInit)
    HAL_NVIC_SetPriority                     0x08002151   Thumb Code    50  stm32f4xx_hal_cortex.o(.text.HAL_NVIC_SetPriority)
    HAL_NVIC_SetPriorityGrouping             0x08002185   Thumb Code    16  stm32f4xx_hal_cortex.o(.text.HAL_NVIC_SetPriorityGrouping)
    HAL_RCC_ClockConfig                      0x08002195   Thumb Code   610  stm32f4xx_hal_rcc.o(.text.HAL_RCC_ClockConfig)
    HAL_RCC_GetHCLKFreq                      0x080023f9   Thumb Code    12  stm32f4xx_hal_rcc.o(.text.HAL_RCC_GetHCLKFreq)
    HAL_RCC_GetSysClockFreq                  0x08002405   Thumb Code   230  stm32f4xx_hal_rcc.o(.text.HAL_RCC_GetSysClockFreq)
    HAL_RCC_OscConfig                        0x080024ed   Thumb Code  1726  stm32f4xx_hal_rcc.o(.text.HAL_RCC_OscConfig)
    HAL_SYSTICK_CLKSourceConfig              0x08002bad   Thumb Code    52  stm32f4xx_hal_cortex.o(.text.HAL_SYSTICK_CLKSourceConfig)
    HAL_SYSTICK_Config                       0x08002be1   Thumb Code    16  stm32f4xx_hal_cortex.o(.text.HAL_SYSTICK_Config)
    LCD_Clear                                0x08002bf1   Thumb Code    16  lcd.o(.text.LCD_Clear)
    LCD_Delay_ms                             0x08002d49   Thumb Code    20  lcd.o(.text.LCD_Delay_ms)
    LCD_Delay_us                             0x08002d5d   Thumb Code   124  lcd.o(.text.LCD_Delay_us)
    LCD_DisplayOn                            0x08002dd9   Thumb Code    30  lcd.o(.text.LCD_DisplayOn)
    LCD_Init                                 0x08002df9   Thumb Code   280  lcd.o(.text.LCD_Init)
    LCD_Puts                                 0x08002f11   Thumb Code   182  lcd.o(.text.LCD_Puts)
    SysTick_Handler                          0x0800310d   Thumb Code     8  main.o(.text.SysTick_Handler)
    SystemClock_Config                       0x08003115   Thumb Code   188  main.o(.text.SystemClock_Config)
    SystemCoreClockUpdate                    0x080031d1   Thumb Code   302  system_stm32f4xx.o(.text.SystemCoreClockUpdate)
    SystemInit                               0x08003301   Thumb Code    18  system_stm32f4xx.o(.text.SystemInit)
    display_error                            0x080033a5   Thumb Code    34  main.o(.text.display_error)
    display_options                          0x080033c9   Thumb Code    24  main.o(.text.display_options)
    get_pot_value_frq                        0x080033e1   Thumb Code    80  main.o(.text.get_pot_value_frq)
    get_pot_value_time                       0x08003431   Thumb Code    86  main.o(.text.get_pot_value_time)
    main                                     0x08003489   Thumb Code   592  main.o(.text.main)
    read_keypad                              0x080036d9   Thumb Code   418  main.o(.text.read_keypad)
    _btod_d2e                                0x0800387b   Thumb Code    62  btod.o(CL$$btod_d2e)
    _d2e_denorm_low                          0x080038b9   Thumb Code    70  btod.o(CL$$btod_d2e_denorm_low)
    _d2e_norm_op1                            0x080038ff   Thumb Code    96  btod.o(CL$$btod_d2e_norm_op1)
    __btod_div_common                        0x08003961   Thumb Code   696  btod.o(CL$$btod_div_common)
    _e2e                                     0x08003c99   Thumb Code   220  btod.o(CL$$btod_e2e)
    _btod_ediv                               0x08003d75   Thumb Code    42  btod.o(CL$$btod_ediv)
    _btod_emul                               0x08003d9f   Thumb Code    42  btod.o(CL$$btod_emul)
    __btod_mult_common                       0x08003dc9   Thumb Code   580  btod.o(CL$$btod_mult_common)
    __ARM_fpclassify                         0x0800400d   Thumb Code    48  fpclassify.o(i.__ARM_fpclassify)
    _is_digit                                0x0800403d   Thumb Code    14  __printf_wp.o(i._is_digit)
    _get_lc_numeric                          0x0800404d   Thumb Code    44  lc_numeric_c.o(locale$$code)
    _get_lc_ctype                            0x08004079   Thumb Code    44  lc_ctype_c.o(locale$$code)
    _fp_init                                 0x080040a5   Thumb Code    26  fpinit.o(x$fpl$fpinit)
    __fplib_config_fpu_vfp                   0x080040bd   Thumb Code     0  fpinit.o(x$fpl$fpinit)
    __fplib_config_pureend_doubles           0x080040bd   Thumb Code     0  fpinit.o(x$fpl$fpinit)
    _printf_fp_dec                           0x080040bf   Thumb Code     4  printf1.o(x$fpl$printf1)
    _printf_fp_hex                           0x080040c3   Thumb Code     4  printf2.o(x$fpl$printf2)
    __I$use$fp                               0x080040c6   Number         0  usenofp.o(x$fpl$usenofp)
    AHBPrescTable                            0x080041c4   Data          16  system_stm32f4xx.o(.rodata.AHBPrescTable)
    Region$$Table$$Base                      0x080042ac   Number         0  anon$$obj.o(Region$$Table)
    Region$$Table$$Limit                     0x080042cc   Number         0  anon$$obj.o(Region$$Table)
    __ctype                                  0x080042f5   Data           0  lc_ctype_c.o(locale$$data)
    SystemCoreClock                          0x20000000   Data           4  system_stm32f4xx.o(.data.SystemCoreClock)
    uwTickFreq                               0x20000004   Data           1  stm32f4xx_hal.o(.data.uwTickFreq)
    uwTickPrio                               0x20000008   Data           4  stm32f4xx_hal.o(.data.uwTickPrio)
    __libspace_start                         0x20000010   Data          96  libspace.o(.bss)
    __temporary_stack_top$libspace           0x20000070   Data           0  libspace.o(.bss)
    hadc                                     0x20000078   Data          72  main.o(.bss.hadc)
    uwTick                                   0x200000c0   Data           4  stm32f4xx_hal.o(.bss.uwTick)



==============================================================================

Memory Map of the image

  Image Entry point : 0x08000195

  Load Region LR_IROM1 (Base: 0x08000000, Size: 0x00004408, Max: 0x00080000, ABSOLUTE)

    Execution Region ER_IROM1 (Exec base: 0x08000000, Load base: 0x08000000, Size: 0x000043f8, Max: 0x00080000, ABSOLUTE)

    Exec Addr    Load Addr    Size         Type   Attr      Idx    E Section Name        Object

    0x08000000   0x08000000   0x00000194   Data   RO          634    RESET               startup_stm32f401xe.o
    0x08000194   0x08000194   0x00000008   Code   RO          663  * !!!main             c_w.l(__main.o)
    0x0800019c   0x0800019c   0x00000034   Code   RO         1010    !!!scatter          c_w.l(__scatter.o)
    0x080001d0   0x080001d0   0x0000001a   Code   RO         1012    !!handler_copy      c_w.l(__scatter_copy.o)
    0x080001ea   0x080001ea   0x00000002   PAD
    0x080001ec   0x080001ec   0x0000001c   Code   RO         1014    !!handler_zi        c_w.l(__scatter_zi.o)
    0x08000208   0x08000208   0x00000000   Code   RO          751    .ARM.Collect$$_printf_percent$$00000000  c_w.l(_printf_percent.o)
    0x08000208   0x08000208   0x00000006   Code   RO          740    .ARM.Collect$$_printf_percent$$00000001  c_w.l(_printf_n.o)
    0x0800020e   0x0800020e   0x00000006   Code   RO          742    .ARM.Collect$$_printf_percent$$00000002  c_w.l(_printf_p.o)
    0x08000214   0x08000214   0x00000006   Code   RO          747    .ARM.Collect$$_printf_percent$$00000003  c_w.l(_printf_f.o)
    0x0800021a   0x0800021a   0x00000006   Code   RO          748    .ARM.Collect$$_printf_percent$$00000004  c_w.l(_printf_e.o)
    0x08000220   0x08000220   0x00000006   Code   RO          749    .ARM.Collect$$_printf_percent$$00000005  c_w.l(_printf_g.o)
    0x08000226   0x08000226   0x00000006   Code   RO          750    .ARM.Collect$$_printf_percent$$00000006  c_w.l(_printf_a.o)
    0x0800022c   0x0800022c   0x0000000a   Code   RO          755    .ARM.Collect$$_printf_percent$$00000007  c_w.l(_printf_ll.o)
    0x08000236   0x08000236   0x00000006   Code   RO          744    .ARM.Collect$$_printf_percent$$00000008  c_w.l(_printf_i.o)
    0x0800023c   0x0800023c   0x00000006   Code   RO          745    .ARM.Collect$$_printf_percent$$00000009  c_w.l(_printf_d.o)
    0x08000242   0x08000242   0x00000006   Code   RO          746    .ARM.Collect$$_printf_percent$$0000000A  c_w.l(_printf_u.o)
    0x08000248   0x08000248   0x00000006   Code   RO          743    .ARM.Collect$$_printf_percent$$0000000B  c_w.l(_printf_o.o)
    0x0800024e   0x0800024e   0x00000006   Code   RO          741    .ARM.Collect$$_printf_percent$$0000000C  c_w.l(_printf_x.o)
    0x08000254   0x08000254   0x00000006   Code   RO          752    .ARM.Collect$$_printf_percent$$0000000D  c_w.l(_printf_lli.o)
    0x0800025a   0x0800025a   0x00000006   Code   RO          753    .ARM.Collect$$_printf_percent$$0000000E  c_w.l(_printf_lld.o)
    0x08000260   0x08000260   0x00000006   Code   RO          754    .ARM.Collect$$_printf_percent$$0000000F  c_w.l(_printf_llu.o)
    0x08000266   0x08000266   0x00000006   Code   RO          759    .ARM.Collect$$_printf_percent$$00000010  c_w.l(_printf_llo.o)
    0x0800026c   0x0800026c   0x00000006   Code   RO          760    .ARM.Collect$$_printf_percent$$00000011  c_w.l(_printf_llx.o)
    0x08000272   0x08000272   0x0000000a   Code   RO          756    .ARM.Collect$$_printf_percent$$00000012  c_w.l(_printf_l.o)
    0x0800027c   0x0800027c   0x00000006   Code   RO          738    .ARM.Collect$$_printf_percent$$00000013  c_w.l(_printf_c.o)
    0x08000282   0x08000282   0x00000006   Code   RO          739    .ARM.Collect$$_printf_percent$$00000014  c_w.l(_printf_s.o)
    0x08000288   0x08000288   0x00000006   Code   RO          757    .ARM.Collect$$_printf_percent$$00000015  c_w.l(_printf_lc.o)
    0x0800028e   0x0800028e   0x00000006   Code   RO          758    .ARM.Collect$$_printf_percent$$00000016  c_w.l(_printf_ls.o)
    0x08000294   0x08000294   0x00000004   Code   RO          803    .ARM.Collect$$_printf_percent$$00000017  c_w.l(_printf_percent_end.o)
    0x08000298   0x08000298   0x00000002   Code   RO          858    .ARM.Collect$$libinit$$00000000  c_w.l(libinit.o)
    0x0800029a   0x0800029a   0x00000004   Code   RO          882    .ARM.Collect$$libinit$$00000001  c_w.l(libinit2.o)
    0x0800029e   0x0800029e   0x00000000   Code   RO          885    .ARM.Collect$$libinit$$00000004  c_w.l(libinit2.o)
    0x0800029e   0x0800029e   0x00000000   Code   RO          887    .ARM.Collect$$libinit$$00000006  c_w.l(libinit2.o)
    0x0800029e   0x0800029e   0x00000000   Code   RO          890    .ARM.Collect$$libinit$$0000000C  c_w.l(libinit2.o)
    0x0800029e   0x0800029e   0x00000000   Code   RO          892    .ARM.Collect$$libinit$$0000000E  c_w.l(libinit2.o)
    0x0800029e   0x0800029e   0x00000000   Code   RO          894    .ARM.Collect$$libinit$$00000010  c_w.l(libinit2.o)
    0x0800029e   0x0800029e   0x00000006   Code   RO          895    .ARM.Collect$$libinit$$00000011  c_w.l(libinit2.o)
    0x080002a4   0x080002a4   0x00000000   Code   RO          897    .ARM.Collect$$libinit$$00000013  c_w.l(libinit2.o)
    0x080002a4   0x080002a4   0x0000000c   Code   RO          898    .ARM.Collect$$libinit$$00000014  c_w.l(libinit2.o)
    0x080002b0   0x080002b0   0x00000000   Code   RO          899    .ARM.Collect$$libinit$$00000015  c_w.l(libinit2.o)
    0x080002b0   0x080002b0   0x00000000   Code   RO          901    .ARM.Collect$$libinit$$00000017  c_w.l(libinit2.o)
    0x080002b0   0x080002b0   0x0000000a   Code   RO          902    .ARM.Collect$$libinit$$00000018  c_w.l(libinit2.o)
    0x080002ba   0x080002ba   0x00000000   Code   RO          903    .ARM.Collect$$libinit$$00000019  c_w.l(libinit2.o)
    0x080002ba   0x080002ba   0x00000000   Code   RO          905    .ARM.Collect$$libinit$$0000001B  c_w.l(libinit2.o)
    0x080002ba   0x080002ba   0x00000000   Code   RO          907    .ARM.Collect$$libinit$$0000001D  c_w.l(libinit2.o)
    0x080002ba   0x080002ba   0x00000000   Code   RO          909    .ARM.Collect$$libinit$$0000001F  c_w.l(libinit2.o)
    0x080002ba   0x080002ba   0x00000000   Code   RO          911    .ARM.Collect$$libinit$$00000021  c_w.l(libinit2.o)
    0x080002ba   0x080002ba   0x00000000   Code   RO          913    .ARM.Collect$$libinit$$00000023  c_w.l(libinit2.o)
    0x080002ba   0x080002ba   0x00000000   Code   RO          915    .ARM.Collect$$libinit$$00000025  c_w.l(libinit2.o)
    0x080002ba   0x080002ba   0x00000000   Code   RO          917    .ARM.Collect$$libinit$$00000027  c_w.l(libinit2.o)
    0x080002ba   0x080002ba   0x00000000   Code   RO          921    .ARM.Collect$$libinit$$0000002E  c_w.l(libinit2.o)
    0x080002ba   0x080002ba   0x00000000   Code   RO          923    .ARM.Collect$$libinit$$00000030  c_w.l(libinit2.o)
    0x080002ba   0x080002ba   0x00000000   Code   RO          925    .ARM.Collect$$libinit$$00000032  c_w.l(libinit2.o)
    0x080002ba   0x080002ba   0x00000000   Code   RO          927    .ARM.Collect$$libinit$$00000034  c_w.l(libinit2.o)
    0x080002ba   0x080002ba   0x00000002   Code   RO          928    .ARM.Collect$$libinit$$00000035  c_w.l(libinit2.o)
    0x080002bc   0x080002bc   0x00000002   Code   RO          965    .ARM.Collect$$libshutdown$$00000000  c_w.l(libshutdown.o)
    0x080002be   0x080002be   0x00000000   Code   RO          993    .ARM.Collect$$libshutdown$$00000002  c_w.l(libshutdown2.o)
    0x080002be   0x080002be   0x00000000   Code   RO          995    .ARM.Collect$$libshutdown$$00000004  c_w.l(libshutdown2.o)
    0x080002be   0x080002be   0x00000000   Code   RO          998    .ARM.Collect$$libshutdown$$00000007  c_w.l(libshutdown2.o)
    0x080002be   0x080002be   0x00000000   Code   RO         1001    .ARM.Collect$$libshutdown$$0000000A  c_w.l(libshutdown2.o)
    0x080002be   0x080002be   0x00000000   Code   RO         1003    .ARM.Collect$$libshutdown$$0000000C  c_w.l(libshutdown2.o)
    0x080002be   0x080002be   0x00000000   Code   RO         1006    .ARM.Collect$$libshutdown$$0000000F  c_w.l(libshutdown2.o)
    0x080002be   0x080002be   0x00000002   Code   RO         1007    .ARM.Collect$$libshutdown$$00000010  c_w.l(libshutdown2.o)
    0x080002c0   0x080002c0   0x00000000   Code   RO          665    .ARM.Collect$$rtentry$$00000000  c_w.l(__rtentry.o)
    0x080002c0   0x080002c0   0x00000000   Code   RO          770    .ARM.Collect$$rtentry$$00000002  c_w.l(__rtentry2.o)
    0x080002c0   0x080002c0   0x00000006   Code   RO          782    .ARM.Collect$$rtentry$$00000004  c_w.l(__rtentry4.o)
    0x080002c6   0x080002c6   0x00000000   Code   RO          772    .ARM.Collect$$rtentry$$00000009  c_w.l(__rtentry2.o)
    0x080002c6   0x080002c6   0x00000004   Code   RO          773    .ARM.Collect$$rtentry$$0000000A  c_w.l(__rtentry2.o)
    0x080002ca   0x080002ca   0x00000000   Code   RO          775    .ARM.Collect$$rtentry$$0000000C  c_w.l(__rtentry2.o)
    0x080002ca   0x080002ca   0x00000008   Code   RO          776    .ARM.Collect$$rtentry$$0000000D  c_w.l(__rtentry2.o)
    0x080002d2   0x080002d2   0x00000002   Code   RO          867    .ARM.Collect$$rtexit$$00000000  c_w.l(rtexit.o)
    0x080002d4   0x080002d4   0x00000000   Code   RO          934    .ARM.Collect$$rtexit$$00000002  c_w.l(rtexit2.o)
    0x080002d4   0x080002d4   0x00000004   Code   RO          935    .ARM.Collect$$rtexit$$00000003  c_w.l(rtexit2.o)
    0x080002d8   0x080002d8   0x00000006   Code   RO          936    .ARM.Collect$$rtexit$$00000004  c_w.l(rtexit2.o)
    0x080002de   0x080002de   0x00000002   PAD
    0x080002e0   0x080002e0   0x00000040   Code   RO          635    .text               startup_stm32f401xe.o
    0x08000320   0x08000320   0x000000f0   Code   RO          657    .text               c_w.l(lludivv7m.o)
    0x08000410   0x08000410   0x0000002c   Code   RO          659    .text               c_w.l(sprintf.o)
    0x0800043c   0x0800043c   0x00000006   Code   RO          661    .text               c_w.l(heapauxi.o)
    0x08000442   0x08000442   0x0000004e   Code   RO          672    .text               c_w.l(_printf_pad.o)
    0x08000490   0x08000490   0x00000024   Code   RO          674    .text               c_w.l(_printf_truncate.o)
    0x080004b4   0x080004b4   0x00000052   Code   RO          676    .text               c_w.l(_printf_str.o)
    0x08000506   0x08000506   0x00000002   PAD
    0x08000508   0x08000508   0x00000078   Code   RO          678    .text               c_w.l(_printf_dec.o)
    0x08000580   0x08000580   0x00000028   Code   RO          680    .text               c_w.l(_printf_charcount.o)
    0x080005a8   0x080005a8   0x00000030   Code   RO          682    .text               c_w.l(_printf_char_common.o)
    0x080005d8   0x080005d8   0x0000000a   Code   RO          684    .text               c_w.l(_sputc.o)
    0x080005e2   0x080005e2   0x00000002   PAD
    0x080005e4   0x080005e4   0x000000bc   Code   RO          686    .text               c_w.l(_printf_wctomb.o)
    0x080006a0   0x080006a0   0x0000007c   Code   RO          689    .text               c_w.l(_printf_longlong_dec.o)
    0x0800071c   0x0800071c   0x00000070   Code   RO          695    .text               c_w.l(_printf_oct_int_ll.o)
    0x0800078c   0x0800078c   0x00000094   Code   RO          715    .text               c_w.l(_printf_hex_int_ll_ptr.o)
    0x08000820   0x08000820   0x00000188   Code   RO          735    .text               c_w.l(__printf_flags_ss_wp.o)
    0x080009a8   0x080009a8   0x0000008a   Code   RO          786    .text               c_w.l(lludiv10.o)
    0x08000a32   0x08000a32   0x000000b2   Code   RO          788    .text               c_w.l(_printf_intcommon.o)
    0x08000ae4   0x08000ae4   0x0000041c   Code   RO          790    .text               c_w.l(_printf_fp_dec.o)
    0x08000f00   0x08000f00   0x000002fc   Code   RO          794    .text               c_w.l(_printf_fp_hex.o)
    0x080011fc   0x080011fc   0x0000002c   Code   RO          799    .text               c_w.l(_printf_char.o)
    0x08001228   0x08001228   0x0000002c   Code   RO          801    .text               c_w.l(_printf_wchar.o)
    0x08001254   0x08001254   0x00000048   Code   RO          804    .text               c_w.l(_c16rtomb.o)
    0x0800129c   0x0800129c   0x0000004a   Code   RO          806    .text               c_w.l(sys_stackheap_outer.o)
    0x080012e6   0x080012e6   0x00000002   PAD
    0x080012e8   0x080012e8   0x00000010   Code   RO          808    .text               c_w.l(rt_ctype_table.o)
    0x080012f8   0x080012f8   0x00000008   Code   RO          813    .text               c_w.l(rt_locale_intlibspace.o)
    0x08001300   0x08001300   0x00000080   Code   RO          815    .text               c_w.l(_printf_fp_infnan.o)
    0x08001380   0x08001380   0x000000e4   Code   RO          817    .text               c_w.l(bigflt0.o)
    0x08001464   0x08001464   0x00000012   Code   RO          847    .text               c_w.l(exit.o)
    0x08001476   0x08001476   0x00000002   PAD
    0x08001478   0x08001478   0x00000008   Code   RO          864    .text               c_w.l(libspace.o)
    0x08001480   0x08001480   0x0000007c   Code   RO          880    .text               c_w.l(strcmpv7em.o)
    0x080014fc   0x080014fc   0x0000000c   Code   RO          929    .text               c_w.l(sys_exit.o)
    0x08001508   0x08001508   0x00000002   Code   RO          954    .text               c_w.l(use_no_semi.o)
    0x0800150a   0x0800150a   0x00000000   Code   RO          956    .text               c_w.l(indicate_semi.o)
    0x0800150a   0x0800150a   0x00000002   PAD
    0x0800150c   0x0800150c   0x0000018a   Code   RO          147    .text.ADC_Init      stm32f4xx_hal_adc.o
    0x08001696   0x08001696   0x00000002   PAD
    0x08001698   0x08001698   0x00000218   Code   RO          187    .text.HAL_ADC_ConfigChannel  stm32f4xx_hal_adc.o
    0x080018b0   0x080018b0   0x0000000e   Code   RO          183    .text.HAL_ADC_GetValue  stm32f4xx_hal_adc.o
    0x080018be   0x080018be   0x00000002   PAD
    0x080018c0   0x080018c0   0x000000a8   Code   RO          143    .text.HAL_ADC_Init  stm32f4xx_hal_adc.o
    0x08001968   0x08001968   0x00000008   Code   RO          145    .text.HAL_ADC_MspInit  stm32f4xx_hal_adc.o
    0x08001970   0x08001970   0x0000012a   Code   RO          157    .text.HAL_ADC_PollForConversion  stm32f4xx_hal_adc.o
    0x08001a9a   0x08001a9a   0x00000002   PAD
    0x08001a9c   0x08001a9c   0x00000172   Code   RO          153    .text.HAL_ADC_Start  stm32f4xx_hal_adc.o
    0x08001c0e   0x08001c0e   0x00000002   PAD
    0x08001c10   0x08001c10   0x0000006c   Code   RO          155    .text.HAL_ADC_Stop  stm32f4xx_hal_adc.o
    0x08001c7c   0x08001c7c   0x00000042   Code   RO           99    .text.HAL_Delay     stm32f4xx_hal.o
    0x08001cbe   0x08001cbe   0x00000002   PAD
    0x08001cc0   0x08001cc0   0x00000362   Code   RO          363    .text.HAL_GPIO_Init  stm32f4xx_hal_gpio.o
    0x08002022   0x08002022   0x00000002   PAD
    0x08002024   0x08002024   0x0000002e   Code   RO          367    .text.HAL_GPIO_ReadPin  stm32f4xx_hal_gpio.o
    0x08002052   0x08002052   0x00000002   PAD
    0x08002054   0x08002054   0x0000002e   Code   RO          369    .text.HAL_GPIO_WritePin  stm32f4xx_hal_gpio.o
    0x08002082   0x08002082   0x00000002   PAD
    0x08002084   0x08002084   0x0000000c   Code   RO           91    .text.HAL_GetTick   stm32f4xx_hal.o
    0x08002090   0x08002090   0x0000001a   Code   RO           89    .text.HAL_IncTick   stm32f4xx_hal.o
    0x080020aa   0x080020aa   0x00000002   PAD
    0x080020ac   0x080020ac   0x0000002e   Code   RO           79    .text.HAL_Init      stm32f4xx_hal.o
    0x080020da   0x080020da   0x00000002   PAD
    0x080020dc   0x080020dc   0x00000070   Code   RO           81    .text.HAL_InitTick  stm32f4xx_hal.o
    0x0800214c   0x0800214c   0x00000002   Code   RO           83    .text.HAL_MspInit   stm32f4xx_hal.o
    0x0800214e   0x0800214e   0x00000002   PAD
    0x08002150   0x08002150   0x00000032   Code   RO          243    .text.HAL_NVIC_SetPriority  stm32f4xx_hal_cortex.o
    0x08002182   0x08002182   0x00000002   PAD
    0x08002184   0x08002184   0x00000010   Code   RO          239    .text.HAL_NVIC_SetPriorityGrouping  stm32f4xx_hal_cortex.o
    0x08002194   0x08002194   0x00000262   Code   RO          458    .text.HAL_RCC_ClockConfig  stm32f4xx_hal_rcc.o
    0x080023f6   0x080023f6   0x00000002   PAD
    0x080023f8   0x080023f8   0x0000000c   Code   RO          468    .text.HAL_RCC_GetHCLKFreq  stm32f4xx_hal_rcc.o
    0x08002404   0x08002404   0x000000e6   Code   RO          460    .text.HAL_RCC_GetSysClockFreq  stm32f4xx_hal_rcc.o
    0x080024ea   0x080024ea   0x00000002   PAD
    0x080024ec   0x080024ec   0x000006be   Code   RO          456    .text.HAL_RCC_OscConfig  stm32f4xx_hal_rcc.o
    0x08002baa   0x08002baa   0x00000002   PAD
    0x08002bac   0x08002bac   0x00000034   Code   RO          297    .text.HAL_SYSTICK_CLKSourceConfig  stm32f4xx_hal_cortex.o
    0x08002be0   0x08002be0   0x00000010   Code   RO          263    .text.HAL_SYSTICK_Config  stm32f4xx_hal_cortex.o
    0x08002bf0   0x08002bf0   0x00000010   Code   RO           42    .text.LCD_Clear     lcd.o
    0x08002c00   0x08002c00   0x00000032   Code   RO           38    .text.LCD_Cmd       lcd.o
    0x08002c32   0x08002c32   0x00000002   PAD
    0x08002c34   0x08002c34   0x00000088   Code   RO           36    .text.LCD_Cmd4bit   lcd.o
    0x08002cbc   0x08002cbc   0x00000058   Code   RO           46    .text.LCD_CursorSet  lcd.o
    0x08002d14   0x08002d14   0x00000032   Code   RO           48    .text.LCD_Data      lcd.o
    0x08002d46   0x08002d46   0x00000002   PAD
    0x08002d48   0x08002d48   0x00000014   Code   RO           32    .text.LCD_Delay_ms  lcd.o
    0x08002d5c   0x08002d5c   0x0000007c   Code   RO           30    .text.LCD_Delay_us  lcd.o
    0x08002dd8   0x08002dd8   0x0000001e   Code   RO           40    .text.LCD_DisplayOn  lcd.o
    0x08002df6   0x08002df6   0x00000002   PAD
    0x08002df8   0x08002df8   0x00000118   Code   RO           34    .text.LCD_Init      lcd.o
    0x08002f10   0x08002f10   0x000000b6   Code   RO           44    .text.LCD_Puts      lcd.o
    0x08002fc6   0x08002fc6   0x00000002   PAD
    0x08002fc8   0x08002fc8   0x00000082   Code   RO            6    .text.MX_ADC1_Init  main.o
    0x0800304a   0x0800304a   0x00000002   PAD
    0x0800304c   0x0800304c   0x0000006c   Code   RO          249    .text.NVIC_EncodePriority  stm32f4xx_hal_cortex.o
    0x080030b8   0x080030b8   0x00000052   Code   RO          265    .text.SysTick_Config  stm32f4xx_hal_cortex.o
    0x0800310a   0x0800310a   0x00000002   PAD
    0x0800310c   0x0800310c   0x00000008   Code   RO           14    .text.SysTick_Handler  main.o
    0x08003114   0x08003114   0x000000bc   Code   RO            4    .text.SystemClock_Config  main.o
    0x080031d0   0x080031d0   0x0000012e   Code   RO          644    .text.SystemCoreClockUpdate  system_stm32f4xx.o
    0x080032fe   0x080032fe   0x00000002   PAD
    0x08003300   0x08003300   0x00000012   Code   RO          642    .text.SystemInit    system_stm32f4xx.o
    0x08003312   0x08003312   0x00000002   PAD
    0x08003314   0x08003314   0x00000010   Code   RO          245    .text.__NVIC_GetPriorityGrouping  stm32f4xx_hal_cortex.o
    0x08003324   0x08003324   0x00000042   Code   RO          247    .text.__NVIC_SetPriority  stm32f4xx_hal_cortex.o
    0x08003366   0x08003366   0x00000002   PAD
    0x08003368   0x08003368   0x0000003c   Code   RO          241    .text.__NVIC_SetPriorityGrouping  stm32f4xx_hal_cortex.o
    0x080033a4   0x080033a4   0x00000022   Code   RO           12    .text.display_error  main.o
    0x080033c6   0x080033c6   0x00000002   PAD
    0x080033c8   0x080033c8   0x00000018   Code   RO            8    .text.display_options  main.o
    0x080033e0   0x080033e0   0x00000050   Code   RO           18    .text.get_pot_value_frq  main.o
    0x08003430   0x08003430   0x00000056   Code   RO           16    .text.get_pot_value_time  main.o
    0x08003486   0x08003486   0x00000002   PAD
    0x08003488   0x08003488   0x00000250   Code   RO            2    .text.main          main.o
    0x080036d8   0x080036d8   0x000001a2   Code   RO           10    .text.read_keypad   main.o
    0x0800387a   0x0800387a   0x0000003e   Code   RO          820    CL$$btod_d2e        c_w.l(btod.o)
    0x080038b8   0x080038b8   0x00000046   Code   RO          822    CL$$btod_d2e_denorm_low  c_w.l(btod.o)
    0x080038fe   0x080038fe   0x00000060   Code   RO          821    CL$$btod_d2e_norm_op1  c_w.l(btod.o)
    0x0800395e   0x0800395e   0x00000002   PAD
    0x08003960   0x08003960   0x00000338   Code   RO          830    CL$$btod_div_common  c_w.l(btod.o)
    0x08003c98   0x08003c98   0x000000dc   Code   RO          827    CL$$btod_e2e        c_w.l(btod.o)
    0x08003d74   0x08003d74   0x0000002a   Code   RO          824    CL$$btod_ediv       c_w.l(btod.o)
    0x08003d9e   0x08003d9e   0x0000002a   Code   RO          823    CL$$btod_emul       c_w.l(btod.o)
    0x08003dc8   0x08003dc8   0x00000244   Code   RO          829    CL$$btod_mult_common  c_w.l(btod.o)
    0x0800400c   0x0800400c   0x00000030   Code   RO          862    i.__ARM_fpclassify  m_wm.l(fpclassify.o)
    0x0800403c   0x0800403c   0x0000000e   Code   RO          728    i._is_digit         c_w.l(__printf_wp.o)
    0x0800404a   0x0800404a   0x00000002   PAD
    0x0800404c   0x0800404c   0x0000002c   Code   RO          845    locale$$code        c_w.l(lc_numeric_c.o)
    0x08004078   0x08004078   0x0000002c   Code   RO          874    locale$$code        c_w.l(lc_ctype_c.o)
    0x080040a4   0x080040a4   0x0000001a   Code   RO          948    x$fpl$fpinit        fz_wm.l(fpinit.o)
    0x080040be   0x080040be   0x00000004   Code   RO          761    x$fpl$printf1       fz_wm.l(printf1.o)
    0x080040c2   0x080040c2   0x00000004   Code   RO          763    x$fpl$printf2       fz_wm.l(printf2.o)
    0x080040c6   0x080040c6   0x00000000   Code   RO          861    x$fpl$usenofp       fz_wm.l(usenofp.o)
    0x080040c6   0x080040c6   0x00000002   PAD
    0x080040c8   0x080040c8   0x00000008   Data   RO          687    .constdata          c_w.l(_printf_wctomb.o)
    0x080040d0   0x080040d0   0x00000028   Data   RO          716    .constdata          c_w.l(_printf_hex_int_ll_ptr.o)
    0x080040f8   0x080040f8   0x00000011   Data   RO          736    .constdata          c_w.l(__printf_flags_ss_wp.o)
    0x08004109   0x08004109   0x00000026   Data   RO          795    .constdata          c_w.l(_printf_fp_hex.o)
    0x0800412f   0x0800412f   0x00000001   PAD
    0x08004130   0x08004130   0x00000094   Data   RO          818    .constdata          c_w.l(bigflt0.o)
    0x080041c4   0x080041c4   0x00000010   Data   RO          647    .rodata.AHBPrescTable  system_stm32f4xx.o
    0x080041d4   0x080041d4   0x000000d8   Data   RO           20    .rodata.str1.1      main.o
    0x080042ac   0x080042ac   0x00000020   Data   RO         1009    Region$$Table       anon$$obj.o
    0x080042cc   0x080042cc   0x0000001c   Data   RO          844    locale$$data        c_w.l(lc_numeric_c.o)
    0x080042e8   0x080042e8   0x00000110   Data   RO          873    locale$$data        c_w.l(lc_ctype_c.o)


    Execution Region RW_IRAM1 (Exec base: 0x20000000, Load base: 0x080043f8, Size: 0x000006c8, Max: 0x00018000, ABSOLUTE)

    Exec Addr    Load Addr    Size         Type   Attr      Idx    E Section Name        Object

    0x20000000   0x080043f8   0x00000004   Data   RW          646    .data.SystemCoreClock  system_stm32f4xx.o
    0x20000004   0x080043fc   0x00000001   Data   RW          134    .data.uwTickFreq    stm32f4xx_hal.o
    0x20000005   0x080043fd   0x00000003   PAD
    0x20000008   0x08004400   0x00000004   Data   RW          133    .data.uwTickPrio    stm32f4xx_hal.o
    0x2000000c   0x08004404   0x00000004   PAD
    0x20000010        -       0x00000060   Zero   RW          865    .bss                c_w.l(libspace.o)
    0x20000070        -       0x00000005   Zero   RW           70    .bss.LCD_Opts       lcd.o
    0x20000075   0x08004404   0x00000003   PAD
    0x20000078        -       0x00000048   Zero   RW           21    .bss.hadc           main.o
    0x200000c0        -       0x00000004   Zero   RW          135    .bss.uwTick         stm32f4xx_hal.o
    0x200000c4   0x08004404   0x00000004   PAD
    0x200000c8        -       0x00000200   Zero   RW          633    HEAP                startup_stm32f401xe.o
    0x200002c8        -       0x00000400   Zero   RW          632    STACK               startup_stm32f401xe.o


==============================================================================

Image component sizes


      Code (inc. data)   RO Data    RW Data    ZI Data      Debug   Object Name

       976          0          0          0          5       4656   lcd.o
      1560          0        216          0         72       8733   main.o
        64         26        404          0       1536        888   startup_stm32f401xe.o
       264          0          0          5          4       6961   stm32f4xx_hal.o
      1896          0          0          0          0       9958   stm32f4xx_hal_adc.o
       466          0          0          0          0       9217   stm32f4xx_hal_cortex.o
       958          0          0          0          0       5333   stm32f4xx_hal_gpio.o
      2578          0          0          0          0       7868   stm32f4xx_hal_rcc.o
       320          0         16          4          0       2706   system_stm32f4xx.o

    ----------------------------------------------------------------------
      9134         26        668         12       1628      56320   Object Totals
         0          0         32          0          0          0   (incl. Generated)
        52          0          0          3         11          0   (incl. Padding)

    ----------------------------------------------------------------------

      Code (inc. data)   RO Data    RW Data    ZI Data      Debug   Library Member Name

         8          0          0          0          0         68   __main.o
       392          4         17          0          0         92   __printf_flags_ss_wp.o
        14          0          0          0          0         68   __printf_wp.o
         0          0          0          0          0          0   __rtentry.o
        12          0          0          0          0          0   __rtentry2.o
         6          0          0          0          0          0   __rtentry4.o
        52          8          0          0          0          0   __scatter.o
        26          0          0          0          0          0   __scatter_copy.o
        28          0          0          0          0          0   __scatter_zi.o
        72          0          0          0          0         96   _c16rtomb.o
         6          0          0          0          0          0   _printf_a.o
         6          0          0          0          0          0   _printf_c.o
        44          0          0          0          0        108   _printf_char.o
        48          6          0          0          0         96   _printf_char_common.o
        40          0          0          0          0         68   _printf_charcount.o
         6          0          0          0          0          0   _printf_d.o
       120         16          0          0          0         92   _printf_dec.o
         6          0          0          0          0          0   _printf_e.o
         6          0          0          0          0          0   _printf_f.o
      1052          0          0          0          0        148   _printf_fp_dec.o
       764          8         38          0          0        100   _printf_fp_hex.o
       128         16          0          0          0         84   _printf_fp_infnan.o
         6          0          0          0          0          0   _printf_g.o
       148          4         40          0          0        160   _printf_hex_int_ll_ptr.o
         6          0          0          0          0          0   _printf_i.o
       178          0          0          0          0         88   _printf_intcommon.o
        10          0          0          0          0          0   _printf_l.o
         6          0          0          0          0          0   _printf_lc.o
        10          0          0          0          0          0   _printf_ll.o
         6          0          0          0          0          0   _printf_lld.o
         6          0          0          0          0          0   _printf_lli.o
         6          0          0          0          0          0   _printf_llo.o
         6          0          0          0          0          0   _printf_llu.o
         6          0          0          0          0          0   _printf_llx.o
       124         16          0          0          0         92   _printf_longlong_dec.o
         6          0          0          0          0          0   _printf_ls.o
         6          0          0          0          0          0   _printf_n.o
         6          0          0          0          0          0   _printf_o.o
       112          8          0          0          0        124   _printf_oct_int_ll.o
         6          0          0          0          0          0   _printf_p.o
        78          0          0          0          0        108   _printf_pad.o
         0          0          0          0          0          0   _printf_percent.o
         4          0          0          0          0          0   _printf_percent_end.o
         6          0          0          0          0          0   _printf_s.o
        82          0          0          0          0         80   _printf_str.o
        36          0          0          0          0         84   _printf_truncate.o
         6          0          0          0          0          0   _printf_u.o
        44          0          0          0          0        108   _printf_wchar.o
       188          6          8          0          0         92   _printf_wctomb.o
         6          0          0          0          0          0   _printf_x.o
        10          0          0          0          0         68   _sputc.o
       228          4        148          0          0         96   bigflt0.o
      1936        128          0          0          0        668   btod.o
        18          0          0          0          0         80   exit.o
         6          0          0          0          0        152   heapauxi.o
         0          0          0          0          0          0   indicate_semi.o
        44         10        272          0          0         76   lc_ctype_c.o
        44         10         28          0          0         76   lc_numeric_c.o
         2          0          0          0          0          0   libinit.o
        34          0          0          0          0          0   libinit2.o
         2          0          0          0          0          0   libshutdown.o
         2          0          0          0          0          0   libshutdown2.o
         8          4          0          0         96         68   libspace.o
       138          0          0          0          0         80   lludiv10.o
       240          0          0          0          0        100   lludivv7m.o
        16          4          0          0          0         76   rt_ctype_table.o
         8          4          0          0          0         68   rt_locale_intlibspace.o
         2          0          0          0          0          0   rtexit.o
        10          0          0          0          0          0   rtexit2.o
        44          6          0          0          0         84   sprintf.o
       124          0          0          0          0         88   strcmpv7em.o
        12          4          0          0          0         68   sys_exit.o
        74          0          0          0          0         80   sys_stackheap_outer.o
         2          0          0          0          0         68   use_no_semi.o
        26          0          0          0          0        116   fpinit.o
         4          0          0          0          0        116   printf1.o
         4          0          0          0          0        116   printf2.o
         0          0          0          0          0          0   usenofp.o
        48          0          0          0          0        124   fpclassify.o

    ----------------------------------------------------------------------
      7046        266        552          0         96       4424   Library Totals
        20          0          1          0          0          0   (incl. Padding)

    ----------------------------------------------------------------------

      Code (inc. data)   RO Data    RW Data    ZI Data      Debug   Library Name

      6944        266        551          0         96       3952   c_w.l
        34          0          0          0          0        348   fz_wm.l
        48          0          0          0          0        124   m_wm.l

    ----------------------------------------------------------------------
      7046        266        552          0         96       4424   Library Totals

    ----------------------------------------------------------------------

==============================================================================


      Code (inc. data)   RO Data    RW Data    ZI Data      Debug   

     16180        292       1220         12       1724      58324   Grand Totals
     16180        292       1220         12       1724      58324   ELF Image Totals
     16180        292       1220         12          0          0   ROM Totals

==============================================================================

    Total RO  Size (Code + RO Data)                17400 (  16.99kB)
    Total RW  Size (RW Data + ZI Data)              1736 (   1.70kB)
    Total ROM Size (Code + RO Data + RW Data)      17412 (  17.00kB)

==============================================================================

